40x40
sssssssssl..............................
ssss.s.sssl.............................
sssssssssssl............................
ss......ssssl...........................
sss....ssssssll.ll..ll.lll.llll..lllllll
sssssssssssssss..l..ss.sss.sssss..ssssss
sssssssssssssss..ll.ss.sss.sssss...sssss
sssssssssssssss.....ss.sss.ssssss...ssss
ssssssssssssssssssssss..;.;;...;....ssss
ssssssssssssssssssssss.ssssssssssss..sss
sssssssssssssp|....|...sssssssssssss.sss
sssssssssssssoo....|...sssssssssssss..ss
sssssssssssss.|....|...ssssssssssssss..s
sssssssssssss.|....oo..sssssssssssssss..
.|..|....|....|........|.s..............
.|..|....|....|........|.s............s.
.|..|....|....o......t.|.s............s.
.|..o....|..T........ooo.s..........oos.
.|.......o..T............s..........o.s.
.o..........T............s............s.
.;...;;....;T...;...;;;;.s............s.
ssssssssssssssssssssssssssxxxxxxxxxxxxss
.ss....ss....ss....sssssssssssssssssssss
.ss...ss.sssss.sssssssssssssssssssssssss
.ss.ssss.ss..s.ss..sssssssssssssssssssss
.ss....ss....ss....s.sssssssssssssssssss
.sssssssssssssssssssssssssssssssssssssss
.sllllllllllllllllllllssssssssssssssssss
.sssssssssssssssssssssssssssssssssssssss
.sssssssssssssssssssssssssssssssssssssss
.sssssssssssssssssssssssssssssssssssssss
.sssssssssssssssssssssssssssssssssssssss
.sssssssssssssssssssssssssssssssssssssss
.sssssssssssssssssssssssssssssssssssssss
.sssssssssssssssssssssssssssssssssssssss
.sssssssssssssssssssssssssssssssssssssss
.sssssssssssssssssssssssssssssssssssssss
.sssssssssssssssssssssssssssssssssssssss
.sssssssssssssssssssssssssssssssssssssss
.sssssssssssssssssssssssssssssssssssssss
.ot ;
