40x40
ssssssssss..............................
ssss.s.ssss.............................
ssssssssssss............................
ss......sssss...........................
sss....sssssssssssssssssss.sssssssssssss
ssssssssssssssssssssssssss.sssssssssssss
ssssssssssssssssssssssssss.sssssssssssss
ssssssssssssssssssssssssss.sssssssssssss
ssssssssssssssssssssss.....sssssssssssss
ssssssssssssssssssssss.sssssssssssssssss
sssssssssssssp.........sssssssssssssssss
sssssssssssssoo........sssssssssssssssss
sssssssssssss..........sssssssssssssssss
sssssssssssss......oo..sssssssssssssssss
.........................s..............
.........................s............s.
.....................t...s............s.
.....................oo..s..........oos.
.........................s..........o.s.
.........................s............s.
.........................s............s.
.sssssssssssssssssssssssssxxxxxxxxxxxxss
.ss....ss....ss....sssssssssssssssssssss
.ss...ss.sssss.sssssssssssssssssssssssss
.ss.ssss.ss..s.ss..sssssssssssssssssssss
.ss....ss....ss....s.sssssssssssssssssss
.sssssssssssssssssssssssssssssssssssssss
.sllllllllllllllllllllssssssssssssssssss
.sssssssssssssssssssssssssssssssssssssss
.sssssssssssssssssssssssssssssssssssssss
.sssssssssssssssssssssssssssssssssssssss
.sssssssssssssssssssssssssssssssssssssss
.sssssssssssssssssssssssssssssssssssssss
.sssssssssssssssssssssssssssssssssssssss
.sssssssssssssssssssssssssssssssssssssss
.sssssssssssssssssssssssssssssssssssssss
.sssssssssssssssssssssssssssssssssssssss
.sssssssssssssssssssssssssssssssssssssss
.sssssssssssssssssssssssssssssssssssssss
.sssssssssssssssssssssssssssssssssssssss
.ot s
