40x40
..ssssssss..............................
..ss.s.s................................
..ssss.....s............................
........sssssxxxxxxxx.xxxx.xxxxxxxxxxxxx
.......sssssssssssssssssss.ssssssssssssx
....ssssssssssssssssssssss.sss.xxsssxxxx
..ssssssssssssssssssssssss.sss.sxsssxsss
..ssss.sssss.sssssssssssss.sss.sxsssxxxs
..sssssss.s...ssssssss.....sss.sxsssssxs
..ss.sssssss.sssssssss.sssssss.sxxxssxxs
..ss..ssss.ss....o.....sssssss.sssxssxss
..sss......ssoo..l.....sssssss.sssxxxxss
..ssssssxssss....l.....sssssss.sssssssss
..ssssssxssss....l.oo..sssssss.sssssssss
.........l......ll.....lll..............
......llll.....ll......lll............x.
.....ll.......ll.......lll...........xs.
...ll........ll......oolll..........xos.
.ll........lll.......xxlll..........o.s.
ll........ll.........xxlll............s.
.........ll..........xxlll............s.
.sssssxsssssssssssxssxssssxxxxxxoxxxxxs.
.ssxxxxsxxxxxxxxxxxssxxxxsoxoooooooooos.
.ssxxxssxssssxxsssssssssxssxsssssssssss.
.ssxssssxsxxxxxss..sssssxxxxsssssssssss.
.ssxxxxxxxxxxxx....s.ssssssssssssssssss.
.ssssssssssssssssssssssssssssssssssssss.
.ssssssssssssssssssssssssssssssssssssss.
.ssssssssssssssssssssssssssssssssssssss.
.ssssssssssssssssssssssssssssssssssssss.
.ssssssssssssssssssssssssssssssssssssss.
.ssssssssssssssssssssssssssssssssssssss.
.ssssssssssssssssssssssssssssssssssssss.
.sssssssssssssssssssssssssssssss...ssss.
.sssssssssssssssssssssssssssssss.s..sss.
.sssssssssssssssssssssssssssssss..s..ss.
.sssssssssssssssssssssssssssssss...s..s.
.sssssssssssssssssssssssssssssssx...s...
.ssssssssssssssssssssssss.....ssxx...s..
...........................x........xssx
