26x40
**************************
**************************
**************************
**************************
**************************
**************************
**************************
**************************
**************************
**************************
**************************
**************************
**************************
**************************
**************************
**************************
**************************
**************************
**************************
**************************
**************************
**************************
**************************
**************************
**************************
**************************
**************************
**************************
**************************
**************************
**************************
**************************
**************************
**************************
**************************
**************************
**************************
**************************
**************************
**************************
.ot l
