26x40
llllllllllllllllllllllllll
llllllllllllllllllllllllll
llllllllllllllllllllllllll
lll....................lll
lll....................lll
lll....................lll
lll....................lll
lll....................lll
lll....................lll
lllxxxxxxxx............lll
lllssssssssx...........lll
lll........sx..........lll
lll.........sx.........lll
lll..........s.........lll
lll..........s.........lll
lll..........s.........lll
lll..........sx...xxxxxlll
lll..........sss.sssssssll
lll....................lll
lll....................lll
lll....................lll
lll.............s......lll
lll....................lll
lll....................lll
lll....................lll
lll.......s........r...lll
lll....................lll
lll....................lll
lll....................lll
lll................ss..lll
lll....................lll
lll...................rlll
lll....................lll
lll........ssssss......lll
lll..........ll........lll
lll..........ll.r......lll
lll.p........ll........lll
lllssssssssssllxlxxxxxxlll
llllllllllllllllllllllllll
llllllllllllllllllllllllll
.ot l
