26x40
**************************
**************************
**************************
**************************
**************************
**************************
**************************
**************************
**************************
**************************
************p*************
**********ssssss**********
**************************
**************************
**************************
**************************
**************************
**************************
**************************
**************************
**************************
**************************
**************************
**************************
**************************
**************************
**************************
**************************
**************************
**************************
**************************
**************************
**************************
**************************
**************************
**************************
**************************
**************************
**************************
**************************
.ot l
