66x40
sssssssssljj.....................................................T
ssss.s.sssljj..................................................lll
ssssssssssslj...................................................ll
ss......ssssl.....................g.g.g..........................l
sss....ssssssll.ll..ll.lll.llll..lllllll..........................
sssssssssssssss..l..ss.sss.sssss..ssssss..........................
sssssssssssssss..ll.ss.sss.sssss...sssss..........................
sssssssssssssssgggggss.sss.ssssss...ssss..........................
ssssssssssssssssssssss..;.;;...;....ssss..........................
ssssssssssssssssssssss.ssssssssssss..sss..........................
sssssssssssssp|....|...sssssssssssss.sss..........................
sssssssssssssoo....|...sssssssssssss..ss..........................
sssssssssssss.|....|...ssssssssssssss..s..........................
sssssssssssss.|....oo..sssssssssssssss............................
.|..|....|....|........|.s........................................
.|..|....|....|........|.s........................................
.|..|....|....o......t.|.s........................................
.|..o....|...........ooo.s........................................
.|.......o...............s.1......................................
.o.......................sss......................................
.;..0;;.........;...;;;;.s.............g..........................
ssssssssssssssssssssssssssxxxxxxxxxxxxss..........................
.ss....ss....ss....sssssssssssssssssssss..........................
.ss...ss.sssss.sssssssssssssssssssssssss..........................
.ss.ssss.ss..s.ss..sssssssssssss..3..sss..........................
.ss....ss....ss....s.sssssssssss.sss.sss..........................
.sssssssssssssssssssssssssssssss.sss.sss..........................
.sllllllllllllllllllllsssssV......................................
.sssssssssssssssssssssssssssssss.sssssss..........................
.sssssssssssssssssssssssssssssss.sssssss..........................
.ssssssssssssss..2...ssssssss.ss.sssssss..........................
.ssssssssssssss.ssss.ssssssss.ss.sssssss..........................
.sssssssss........g.....g..........sssss..........................
.sssssssss.ssss.ssss.s.ssss.ssss.sssssss..........................
.sssssssss....s.ssss.s.ssss.ssss.sssssss..........................
.sssssssss.ss.s.ssss.s.ssssg....gsssssss..........................
.sssssssss.ss.s.ssss.s.sssssssssssssssss..........................
.sssssssss.ss...g..g...sssssssssssssssss..........................
.sssssssss.sssssssssssssssssssssssssssss..........................
.ssssssssstsssssssssssssssssssssssssssss......v.....v..T....v.....
.ot l
.ss 1
.d 0 ed.map
.d 1 big.map
.d 2 intro.map
.d 3 new.map
