139x84
ssssssssssssssssssssssssssssssssssssssssssss...............................................................................................
ssssssssssssssssssssssssssssssssssssssssssss...............................................................................................
ss............................s............................................................................................................
ss............................s............................................................................................................
ss............................s............................................................................................................
ss............................s............................................................................................................
ss............................s............................................................................................................
ss............................s............................................................................................................
ss............................s............................................................................................................
ss............................s............................................................................................................
ss............................s............................................................................................................
ss............................s.......j....................................................................................................
ss............................s............................................................................................................
ss............................s............................................................................................................
sssssssssssssssssssssssssssssss.....sssssssss..............................................................................................
ss..........................................ss.............................................................................................
ss...........................................ss............................................................................................
ss.......................0....................ss...........................................................................................
ss.............................................ss..........................................................................................
ss.................j............................ss.........................................................................................
ss...................................++++.......ss.........................................................................................
ss...........j.....................++....++.....ss.........................................................................................
ss................................+........+....ss.........................................................................................
ss..............j................V..........+...ss.........................................................................................
sssssssssssssssssssssssssssssssssssss........+..ss.........................................................................................
sssssssssssssssssssssssssssssssssssss.........+.ss.........................................................................................
....................................s..........+ss.........................................................................................
....................................s..........+ss.........................................................................................
....................................s..........+ss.........................................................................................
....................................s..........+sssssssssssssssssssssssssssssssssssssssssssssssssssssssssssssss............................
....................................s.........+.ss............................................................s....s.......................
....................................s........+..ss............................................................s............s...............
....................................s.......+...ss............................................................s....x.......s...............
....................................s......+....ss............................................................s....s.......s...............
....................................s.....+.....ss............................................................s............s...............
....................................s....+......ss............................................................s............s...............
....................................s...+.......ss............................................................s....s.......s...............
....................................s..+........ss............................................................s............s...............
....................................s.+.........ss............................................................s............sssssssss.......
....................................s+..........ss............................................................s............s...............
....................................s+..........ss............................................................s............s...............
....................................s+..........ss............................................................s............s.......s.......
....................................s+..........ss............................................................s....s.......s.......s.......
....................................s.+.........ss............................................................s............s.......s.......
....................................s..+........ss............................................................s............s.......s.......
....................................s...+.......ss............................................................s............s.......s.......
....................................s....+......ss............................................................s..........sss.......s.......
....................................sx....+....xss............................................................s............s.......s.......
....................................ss.....+...sss............................................................s............s.......s.......
....................................ss......+..sss............................................................s............s.......s.......
....................................ss......+..sss............................................................s............s.......s.......
....................................ss......+..sss............................................................s..........sss.......s.......
....................................ss......+..sss............................................................s............s.......s.......
....................................ssx....+..xsss............................................................s............s.......s.......
....................................sss...+...ssss............................................................sss..........s.......s.......
....................................sss..+....ssss............................................................s............s.......s.......
....................................sss..+....ssss............................................................s............s.......s.......
....................................sss..+....ssss............................................................s......ss....s.......s.......
....................................sssx.+...xssss............................................................s............sssssssss.......
....................................ssss..+..sssss...........................................................s.............................
....................................ssss...+.sssss..........................................................s..............................
....................................ssssx...+sssss.........................................................s...............xxxxx....xxxxxxx
....................................ssssxx..+sssss........................................................s.....sssssssssssssssssssssssssss
....................................ssssxx..+sssss.......................................................s....................sssssssssssss
....................................ssssxx..+sssss.......................................................s....................sssssssssssss
....................................ssssx..+.sssss.......................................................s....................sssssssssssss
....................................ssss..+..sssss.......................................................s....................sssssssssssss
....................................ssss.+...sssss........................o..............................sssssssssssssss......sssssssssssss
....................................ssss+...xsssss.........ooooooo.........o.....ssssss..................s.................................
....................................ssss+..xxsssss.........ossssso..........ooo.s++++++s.................s.................................
....................................ssss+..xxsssss.........osososo.........ososo+++ooo++s................s.................................
....................................ssss+..xxsssss.........ossssso........ossos+++oo..o++s...............s................t................
....................................ssss.+..xsssss.........osoooso.........sss..+o..oo.o++s..............s...............sss...............
....................................ssss..+..sssssssssssssssosssossssssssssss...oo.ooo.oooooosssssssssssss..............sssss..............
....................................ssss...+.sssssssssssssssxosoxsssssssssss....o.oo..ooo..ssosossssssssss.............sssssss.............
....................................ssss....+............ooxxxoxxxoo............o.......o...o.o.......................sssssssss............
....................................ssss.....+..........oxx.......xxo............o.ooo.o...o...o.....++.x............sssssssssss...........
....................................ssss......+........ox..+....+...xo............o...ooo...............s...........sssssssssssss..........
....................................ssss..................+..xx..+...............o.ooo...o..++..........s..........sssssssssssssss.........
....................................ssss...................xxoox................................x.ss....s.........sssssssssssssssss........
....................................ssss..................xoossox...............o...............ssss....s........sssssssssssssssssss.......
....................................ssssxxxxxxxxsssssssssxosssssox.ssssssssssssossssssssso..............sxxxxssssssssssssssssssssssssssssss
....................................sssssssssssssssssssssosssssssoxsssssssssosossssssssssoo.............sssssssssssssssssssssssssssssssssss
....................................ssssssssssssssllllllolllllllllollllllllllolllllllllllooxxxxxxxxxxxxxlllllllllllllllllllllllllllllllllll
.ot l
.d 0 intro.map
.d 1 0
.d 2 0
.d 3 0
