142x84
lllllllllllllllllllllllllllllsssssssssssssssssssssssssssssssssssssssssssssssssssssssssssssssssssssssssssssssssssssssssssssssssssssssssssssssss
lllllllllllllllllllllllllllllsssssssssssssssssssssssssssssssssssssssssssssssssssssssssssssssssssssssssssssssssssssssssssssssssssssssssssssssss
lllllllllllllllllllllllllllllss..........................................ssss...............oo..oo..ooo...ooo...o...o.ooo.o.o..............xss
lllllllllllllllllllllllllllllss........................+..+..............ssss.................o...o..oo...o.o...o...o..oo.ooo..............xss
lllllllllllllllllllllllllllllss..........................................ssss...............o.o.o.o...o...o.o...o...o...o.o.o..............xss
lllllllllllllllllllllllllllllss.......................++++++.....+.......ssss...............ooo.ooo.ooo...ooo.ooo.ooo.ooo.o.o..............xss
lllllllllllllllllllllllllllllss........................++++.....+++......ssss..............................................................xss
lllllllllllllllllllllllllllllss................................+++++.....ssss..............................................................xss
lllllllllllllllllllllllllllllss.........................x.......+++......ssss..............................................................xss
lllllllllllllllllllllllllllllss........oo...............ox.......+.......ssssssssssssssssssssssssssssssssssssssssssssssssssss..............xss
lllllllllllllllllllllllllllllss.........................xoxx.............ssssssssssssssssssssssssssssssssssssssssssssssssssss..............xss
lllllllllllllllllllllllllllllss..........................xooo............ssllllllllllllllllllllllllllllllllllllllllllllllsss...............xss
lllllllllllllllllllllllllllllss.........................+.xxx............sslllllllllllllllllllllllllllllllllllllllllllllsss................xss
lllllssssssssssssssssssssssssss.....xxxxxxxxx...oo.......+...............ssssllllllllllllllllllllllllllllllllllllllllllsss.................xss
llllsssssssssssssssssssssssssss.....sssssssssx............++.............sssslllllllllllllllllllllllllllllllllllllllllsss..................xss
lllsss......................................ssx.........xxxxx..............ssllllllllllllllllllllllllllllllllllllllllsss...................xss
llsss........................................ssx........ooooo..............sssssssssslllllllllllllllllllllllllllllllsss....................xss
lsss.....................0....................ssx..........................ssssssssssllllllllllllllllllllllllllllllsss.....................xss
sss............................................ssx..............ooo................sslllllllllllllllllllllllllllllsss......................xss
ss.................j............................ss......++.........................ssssssssssssssssssllllllllllllsss.......................xss
ss...................................++++.......ss......++...............s.........sssssssssssssssssslllllllllllsss........s...........l...xss
ss...........j.....................++....++.....ss......++.........................................ssllllllllllsss.........s....l...l......xss
ss................................+........+....ss......++.........................................sslllllllllsss..........s...............xss
ss..............j................V..........+...ss.................................................sssssssssssss...........sl.....l......l.xss
sssssssssssssssssssssssssssssssssssss........+..ss..........++......s..............................ssssssssssss............s..l......l.....xss
sssssssssssssssssssssssssssssssssssss.........+.ss..........++.....ss......................................................s...............xss
lllllllllllllllllllllllllllllllllllss..........+ss................sss.....f.....f..s.......................................s....l..l....l..xss
lllllllllllllllllllllllllllllllllllss..........+ssxxxxxxxxxxxxxxxsssssssssssssssssss.......................................sl..............xss
lllllllllllllllllllllllllllllllllllss..........+ssssssssssssssssssssssssssssssssssss...g...g...g.g.s.......................s..l...l..l.....xss
lllllllllllllllllllllllllllllllllllss..........+sssssssssssssssssssssssssssssssssssssssssssssssssssssssssssssss............s...............xss
lllllllllllllllllllllllllllllllllllss.........+.sslllllllllllllllllllllllllllllllllllllllllllllllllllllllllllls....ss......s....l......l.l.xss
lllllllllllllllllllllllllllllllllllss........+..sslllllllllllllllllllllllllllllllllllllllllllllllllllllllllllls............s.l.....l.......xss
lllllllllllllllllllllllllllllllllllss.......+...sslllllllllllllllllllllllllllllllllllllllllllllllllllllllllllls....x.......s...l.......l...xss
lllllllllllllllllllllllllllllllllllss......+....sslllllllllllllllllllllllllllllllllllllllllllllllllllllllllllls....s.......s.....l...l.....xss
lllllllllllllllllllllllllllllllllllss.....+.....sslllllllllllllllllllllllllllllllllllllllllllllllllllllllllllls............s...............xss
lllllllllllllllllllllllllllllllllllss....+......sslllllllllllllllllllllllllllllllllllllllllllllllllllllllllllls............s..l.....l....l.xss
lllllllllllllllllllllllllllllllllllss...+.......sslllllllllllllllllllllllllllllllllllllllllllllllllllllllllllls...ss.......s.....l.........xss
lllllllllllllllllllllllllllllllllllss..+........sslllllllllllllllllllllllllllllllllllllllllllllllllllllllllllls............s..........l....xss
lllllllllllllllllllllllllllllllllllss.+.........sslllllllllllllllllllllllllllllllllllllllllllllllllllllllllllls............s.sssssssssssssssss
lllllllllllllllllllllllllllllllllllss+..........sslllllllllllllllllllllllllllllllllllllllllllllllllllllllllllls............s+++++++sxxxxxxxxss
lllllllllllllllllllllllllllllllllllss+..........sslllllllllllllllllllllllllllllllllllllllllllllllllllllllllllls............s+++++++s.......xss
lllllllllllllllllllllllllllllllllllss+..........sslllllllllllllllllllllllllllllllllllllllllllllllllllllllllllls............s+++++++........xss
lllllllllllllllllllllllllllllllllllss+..........sslllllllllllllllllllllllllllllllllllllllllllllllllllllllllllls...sss......s+oooooos..x....xss
lllllllllllllllllllllllllllllllllllss.+.........sslllllllllllllllllllllllllllllllllllllllllllllllllllllllllllls............s+++++++s..x....xss
lllllllllllllllllllllllllllllllllllss..+........sslllllllllllllllllllllllllllllllllllllllllllllllllllllllllllls............soooooo+sxxxxx..xss
lllllllllllllllllllllllllllllllllllss...+.......sslllllllllllllllllllllllllllllllllllllllllllllllllllllllllllls............s+++++++s.......xss
lllllllllllllllllllllllllllllllllllss....+......sslllllllllllllllllllllllllllllllllllllllllllllllllllllllllllls..........sss+oooooos.......xss
lllllllllllllllllllllllllllllllllllssx....+....xsslllllllllllllllllllllllllllllllllllllllllllllllllllllllllllls............s+++++++s.......xss
lllllllllllllllllllllllllllllllllllsss.....+...ssslllllllllllllllllllllllllllllllllllllllllllllllllllllllllllls............soooooo+sxxxo...xss
lllllllllllllllllllllllllllllllllllsss......+..ssslllllllllllllllllllllllllllllllllllllllllllllllllllllllllllls............s+++++++s.......xss
lllllllllllllllllllllllllllllllllllsss......+..ssslllllllllllllllllllllllllllllllllllllllllllllllllllllllllllls............s+oooooos.......xss
lllllllllllllllllllllllllllllllllllsss......+..ssslllllllllllllllllllllllllllllllllllllllllllllllllllllllllllls..........sss+++++++sxxoxx..xss
lllllllllllllllllllllllllllllllllllsss......+..ssslllllllllllllllllllllllllllllllllllllllllllllllllllllllllllls............soooooo+s...xx..xss
lllllllllllllllllllllllllllllllllllsssx....+..xssslllllllllllllllllllllllllllllllllllllllllllllllllllllllllllls............s+++++++s..xx...xss
lllllllllllllllllllllllllllllllllllssss...+...ssssllllllllllllllllllllllllllllllllllllllllllllllllllllllllllllsss..........s+oooooos.xx....xss
lllllllllllllllllllllllllllllllllllssss..+....sssslllllllllllllllllllllllllllllllllllllllllllllllllllllllllllls............s+++++++sxx.....xss
lllllllllllllllllllllllllllllllllllssss..+....sssslllllllllllllllllllllllllllllllllllllllllllllllllllllllllllls............sxxxxxxxsss..xxxxss
lllllllllllllllllllllllllllllllllllssss..+....sssslllllllllllllllllllllllllllllllllllllllllllllllllllllllllllls......ss....sxxxxxxxsxx.sssssss
lllllllllllllllllllllllllllllllllllssssx.+...xsssslllllllllllllllllllllllllllllllllllllllllllllllllllllllllllls............sssssssssss.....sss
lllllllllllllllllllllllllllllllllllsssss..+..sssssllllllllllllllllllllllllllllllllllllllllllllllllllllllllllls.......................s.x.xxxss
lllllllllllllllllllllllllllllllllllsssss...+.ssssslllllllllllllllllllllllllllllllllllllllllllllllllllllllllls........................sss.ssxss
lllllllllllllllllllllllllllllllllllsssssx...+sssssllllllllllllllllllllllllllllllllllllllllllllllllllllllllls......V........xxxxxxxxx......xxss
lllllllllllllllllllllllllllllllllllsssssxx..+ssssslllllllllllllllllllllllllllllllllllllllllllllllllllllllls.....sssssssssssssssssssssssssssssl
lllllllllllllllllllllllllllllllllllsssssxx..+sssssllllllllllllllllllllllllllllllllllllllllllllllllllllllls....................ssssssssssssssls
lllllllllllllllllllllllllllllllllllsssssxx..+sssssllllllllllllllllllllllllllllllllllllllllllllllllllllllls....................sslssssslsssllll
lllllllllllllllllllllllllllllllllllsssssx..+.sssssllllllllllllllllllllllllllllllllllllllllllllllllllllllls....................ssssslssslllllll
lllllllllllllllllllllllllllllllllllsssss..+..sssssllllllllllllllllllllllllllllllllllllllllllllllllllllllls....................ssssssssssllllll
lllllllllllllllllllllllllllllllllllsssss.+...sssssllllllllllllllllllllllllollllllllllllllllllllllllllllllsssssssssssssss......ssssssssssssllll
lllllllllllllllllllllllllllllllllllsssss+...xssssslllllllllooooooolllllllllolllllsssssslllllllllllllllllls...............................sslll
lllllllllllllllllllllllllllllllllllsssss+..xxssssslllllllllosssssolllllllllloools++++++sllllllllllllllllls...............................sslll
lllllllllllllllllllllllllllllllllllsssss+..xxssssslllllllllosososolllllllllososo+++ooo++slllllllllllllllls...............................sslll
lllllllllllllllllllllllllllllllllllsssss+..xxssssslllllllllosssssollllllllossos+++oo..o++sllllllllllllllls................t..............sslll
lllllllllllllllllllllllllllllllllllsssss.+..xssssslllllllllosooosolllllllllsss..+o..oo.o++slllllllllllllls...............sss.............sslll
lllllllllllllllllllllllllllllllllllsssss..+..sssssssssssssssosssossssssssssss...oo.ooo.oooooosssssssssssss..............sssss............sslll
lllllllllllllllllllllllllllllllllllsssss...+.sssssssssssssssxosoxsssssssssss....o.oo..ooo..ssosossssssssss.............sssssss...........sslll
lllllllllllllllllllllllllllllllllllsssss....+............ooxxxoxxxoo............o.......o...o.o.......................sssssssss..........sslll
lllllllllllllllllllllllllllllllllllsssss.....+..........oxx.......xxo............o.ooo.o...o...o.....++.x............sssssssssss.........sslll
lllllllllllllllllllllllllllllllllllsssss......+........ox..+....+...xo............o...ooo...............s...........sssssssssssss........sslll
lllllllllllllllllllllllllllllllllllsssss..................+..xx..+...............o.ooo...o..++..........s..........sssssssssssssss.......sslll
lllllllllllllllllllllllllllllllllllsssss...................xxoox................................x.ss....s.........sssssssssssssssss......sslll
lllllllllllllllllllllllllllllllllllsssss..................xoossox...............o...............ssss....s........sssssssssssssssssss.....sslll
lllllllllllllllllllllllllllllllllllsssssxxxxxxxxsssssssssxosssssox.ssssssssssssossssssssso..............sxxxxsssssssssssssssssssssssssssssslll
lllllllllllllllllllllllllllllllllllssssssssssssssssssssssosssssssoxsssssssssosossssssssssoo.............ssssssssssssssssssssssssssssssssssslll
lllllllllllllllllllllllllllllllllllsssssssssssssssllllllolllllllllollllllllllolllllllllllooxxxxxxxxxxxxxllllllllllllllllllllllllllllllllllllll
.ot l
.d 0 intro.map
.d 3 title.map
