lllllllllllllllllllllllllllllsssssssssssssssssssssssssssssssssssssssssssssssssssssssssssssssssssssssssssssssssssssssssssssssssssssssssssssssss
lllllllllllllllllllllllllllllsssssssssssssssssssssssssssssssssssssssssssssssssssssssssssssssssssssssssssssssssssssssssssssssssssssssssssssssss
lllllllllllllllllllllllllllllss..........................................ssss...............oo..oo..ooo...ooo...o...o.ooo.o.o..............{ss
lllllllllllllllllllllllllllllss........................+..+..............ssss.................o...o..oo...o.o...o...o..oo.ooo..............{ss
lllllllllllllllllllllllllllllss..........................................ssss...............o.o.o.o...o...o.o...o...o...o.o.o..............{ss
lllllllllllllllllllllllllllllss.......................++++++.....+.......ssss...............ooo.ooo.ooo...ooo.ooo.ooo.ooo.o.o..............{ss
lllllllllllllllllllllllllllllss........................++++.....+++......ssss..............................................................{ss
lllllllllllllllllllllllllllllss................................+++++.....ssss..............................................................{ss
lllllllllllllllllllllllllllllss.........................x.......+++......ssss..............................................................{ss
lllllllllllllllllllllllllllllss........oo...............ox.......+.......ssssssssssssssssssssssssssssssssssssssssssssssssssss..............{ss
lllllllllllllllllllllllllllllss.........................do...............ssssssssssssssssssssssssssssssssssssssssssssssssssss..............{ss
lllllllllllllllllllllllllllllss..........................dooo............ssllllllllllllllllllllllllllllllllllllllllllllllsss...............{ss
lllllllllllllllllllllllllllllss.........................+.ddd............sslllllllllllllllllllllllllllllllllllllllllllllsss................{ss
lllllssssssssssssssssssssssssss.....xxxxxxxxx...oo.......+...............ssssllllllllllllllllllllllllllllllllllllllllllsss.................{ss
llllsssssssssssssssssssssssssss.....sssssssssx............++.............sssslllllllllllllllllllllllllllllllllllllllllsss..................{ss
lllsss......................................ssx.........xxxxx..............ssllllllllllllllllllllllllllllllllllllllllsss...................{ss
llsss........................................ssx........ooooo..............sssssssssslllllllllllllllllllllllllllllllsss....................{ss
lsss.....................0....................ssx..........................ssssssssssllllllllllllllllllllllllllllllsss.....................{ss
sss............................................ssx..............ooo................sslllllllllllllllllllllllllllllsss......................{ss
ss.................j............................ss......++.........................ssssssssssssssssssllllllllllllsss.......................{ss
ss...................................++++.......ss......++..............{s}........sssssssssssssssssslllllllllllsss.......{s...........l...{ss
ss...........j.....................++....++.....ss......++.........................................ssllllllllllsss........{s....l...l......{ss
ss................................+........+....ss......++.........................................sslllllllllsss.........{s...............{ss
ss..............j................V..........+...ss.................................................sssssssssssss..........{sl.....l......l.{ss
sssssssssssssssssssssssssssssssssssss}.......+..ss..........++......s..............................ssssssssssss............s..l......l.....{ss
sssssssssssssssssssssssssssssssssssss}........+.ss..........++.....ss......................................................s...............{ss
lllllllllllllllllllllllllllllllllllss}.........+ss................sss.....f.....f..s}......................................s....l..l....l..{ss
lllllllllllllllllllllllllllllllllllss}.........+ssxxxxxxxxxxxxxxxsssssssssssssssssss...............x.......................sl..............{ss
lllllllllllllllllllllllllllllllllllss}.........+ssssssssssssssssssssssssssssssssssss...g...g...g.g.s.......................s..l...l..l.....{ss
lllllllllllllllllllllllllllllllllllss}.........+sssssssssssssssssssssssssssssssssssssssssssssssssssssssssssssss............s...............{ss
lllllllllllllllllllllllllllllllllllss}........+.sslllllllllllllllllllllllllllllllllllllllllllllllllllllllllllls....ss}.....s....l......l.l.{ss
lllllllllllllllllllllllllllllllllllss}.......+..sslllllllllllllllllllllllllllllllllllllllllllllllllllllllllllls............s.l.....l.......{ss
lllllllllllllllllllllllllllllllllllss}......+...sslllllllllllllllllllllllllllllllllllllllllllllllllllllllllllls....x.......s...l.......l...{ss
lllllllllllllllllllllllllllllllllllss}.....+....sslllllllllllllllllllllllllllllllllllllllllllllllllllllllllllls...{s}......s.....l...l.....{ss
lllllllllllllllllllllllllllllllllllss.....+....{sslllllllllllllllllllllllllllllllllllllllllllllllllllllllllllls....d.......s...............{ss
lllllllllllllllllllllllllllllllllllss....+.....{sslllllllllllllllllllllllllllllllllllllllllllllllllllllllllllls............s..l.....l....l.{ss
lllllllllllllllllllllllllllllllllllss...+......{sslllllllllllllllllllllllllllllllllllllllllllllllllllllllllllls...ss}......s.....l.........{ss
lllllllllllllllllllllllllllllllllllss..+.......{sslllllllllllllllllllllllllllllllllllllllllllllllllllllllllllls............s..........l....{ss
lllllllllllllllllllllllllllllllllllss.+........{sslllllllllllllllllllllllllllllllllllllllllllllllllllllllllllls............s.sssssssssssssssss
lllllllllllllllllllllllllllllllllllss+.........{sslllllllllllllllllllllllllllllllllllllllllllllllllllllllllllls............s+++++++sdddddddXss
lllllllllllllllllllllllllllllllllllss+.........{sslllllllllllllllllllllllllllllllllllllllllllllllllllllllllllls............s+++++++s.......{ss
lllllllllllllllllllllllllllllllllllss+.........{sslllllllllllllllllllllllllllllllllllllllllllllllllllllllllllls............s+++++++........{ss
lllllllllllllllllllllllllllllllllllss+.........{sslllllllllllllllllllllllllllllllllllllllllllllllllllllllllllls...sss......s+oooooos..X....{ss
lllllllllllllllllllllllllllllllllllss.+.........sslllllllllllllllllllllllllllllllllllllllllllllllllllllllllllls...ddd......s+++++++s..X....{ss
lllllllllllllllllllllllllllllllllllss..+........sslllllllllllllllllllllllllllllllllllllllllllllllllllllllllllls............soooooo+sXXXXX..{ss
lllllllllllllllllllllllllllllllllllss...+.......sslllllllllllllllllllllllllllllllllllllllllllllllllllllllllllls............s+++++++s.......{ss
lllllllllllllllllllllllllllllllllllss....+......sslllllllllllllllllllllllllllllllllllllllllllllllllllllllllllls..........sss+oooooos.......{ss
lllllllllllllllllllllllllllllllllllssx....+....xsslllllllllllllllllllllllllllllllllllllllllllllllllllllllllllls............s+++++++s.......{ss
lllllllllllllllllllllllllllllllllllsss.....+...ssslllllllllllllllllllllllllllllllllllllllllllllllllllllllllllls............soooooo+sXXXo...{ss
lllllllllllllllllllllllllllllllllllsss......+..ssslllllllllllllllllllllllllllllllllllllllllllllllllllllllllllls............s+++++++s.......{ss
lllllllllllllllllllllllllllllllllllsss......+..ssslllllllllllllllllllllllllllllllllllllllllllllllllllllllllllls............s+oooooos.......{ss
lllllllllllllllllllllllllllllllllllsss......+..ssslllllllllllllllllllllllllllllllllllllllllllllllllllllllllllls..........sss+++++++sXXoXX..{ss
lllllllllllllllllllllllllllllllllllsss......+..ssslllllllllllllllllllllllllllllllllllllllllllllllllllllllllllls............soooooo+s...XX..{ss
lllllllllllllllllllllllllllllllllllsssx....+..xssslllllllllllllllllllllllllllllllllllllllllllllllllllllllllllls............s+++++++s..XX...{ss
lllllllllllllllllllllllllllllllllllssss...+...ssssllllllllllllllllllllllllllllllllllllllllllllllllllllllllllllsss..........s+oooooos.XX....{ss
lllllllllllllllllllllllllllllllllllssss..+....sssslllllllllllllllllllllllllllllllllllllllllllllllllllllllllllls............s+++++++sXX.....{ss
lllllllllllllllllllllllllllllllllllssss..+....sssslllllllllllllllllllllllllllllllllllllllllllllllllllllllllllls............sXXXXXXXsss..xxxXss
lllllllllllllllllllllllllllllllllllssss..+....sssslllllllllllllllllllllllllllllllllllllllllllllllllllllllllllls......ss....sxxxxxxxsxx.sssssss
lllllllllllllllllllllllllllllllllllssssx.+...xsssslllllllllllllllllllllllllllllllllllllllllllllllllllllllllllls............sssssssssss.....sss
lllllllllllllllllllllllllllllllllllsssss..+..sssssllllllllllllllllllllllllllllllllllllllllllllllllllllllllllls.......................s.x.xxXss
lllllllllllllllllllllllllllllllllllsssss...+.ssssslllllllllllllllllllllllllllllllllllllllllllllllllllllllllls........................sss.ssXss
lllllllllllllllllllllllllllllllllllsssssX...+sssssllllllllllllllllllllllllllllllllllllllllllllllllllllllllls......V........xxxxxxxxx......xxss
lllllllllllllllllllllllllllllllllllsssssXX..+ssssslllllllllllllllllllllllllllllllllllllllllllllllllllllllls.....sssssssssssssssssssssssssssssl
lllllllllllllllllllllllllllllllllllsssssXX..+sssssllllllllllllllllllllllllllllllllllllllllllllllllllllllls....................ssssssssssssssls
lllllllllllllllllllllllllllllllllllsssssXX..+sssssllllllllllllllllllllllllllllllllllllllllllllllllllllllls....................sslssssslsssllll
lllllllllllllllllllllllllllllllllllsssssX..+.sssssllllllllllllllllllllllllllllllllllllllllllllllllllllllls....................ssssslssslllllll
lllllllllllllllllllllllllllllllllllsssss..+..sssssllllllllllllllllllllllllllllllllllllllllllllllllllllllls....................ssssssssssllllll
lllllllllllllllllllllllllllllllllllsssss.+...sssssllllllllllllllllllllllllollllllllllllllllllllllllllllllsssssssssssssss......ssssssssssssllll
lllllllllllllllllllllllllllllllllllsssss+...Xssssslllllllllooooooolllllllllolllllsssssslllllllllllllllllls...............................sslll
lllllllllllllllllllllllllllllllllllsssss+..XXssssslllllllllosssssolllllllllloools++++++sllllllllllllllllls...............................sslll
lllllllllllllllllllllllllllllllllllsssss+..XXssssslllllllllosososolllllllllososo+++ooo++slllllllllllllllls...............................sslll
lllllllllllllllllllllllllllllllllllsssss+..XXssssslllllllllosssssollllllllossos+++oo..o++sllllllllllllllls................t..............sslll
lllllllllllllllllllllllllllllllllllsssss.+..Xssssslllllllllosooosolllllllllsss..+o..oo.o++slllllllllllllls...............sss.............sslll
lllllllllllllllllllllllllllllllllllsssss..+..sssssssssssssssosssossssssssssss...oo.Xoo.Xooooosssssssssssss..............sssss............sslll
lllllllllllllllllllllllllllllllllllsssss...+.sssssssssssssssdosodsssssssssss....o.oo..ooo..ssosossssssssss.............sssssss...........sslll
lllllllllllllllllllllllllllllllllllsssss....+............ood.dod.doo............o.......o...o.o.......................sssssssss..........sslll
lllllllllllllllllllllllllllllllllllsssss.....+..........odd.......ddo............o.ooo.o...o...o.....++.x............sssssssssss.........sslll
lllllllllllllllllllllllllllllllllllsssss......+........od..+....+...do............o...ooo...............s...........sssssssssssss........sslll
lllllllllllllllllllllllllllllllllllsssss..................+..xx..+...............o.ooo...o..++..........s..........sssssssssssssss.......sslll
lllllllllllllllllllllllllllllllllllsssss...................xxoox................................x.ss....s.........sssssssssssssssss......sslll
lllllllllllllllllllllllllllllllllllsssss..................xoossox...............o...............ssss....s........sssssssssssssssssss.....sslll
lllllllllllllllllllllllllllllllllllsssssxxxxxxxxsssssssssxosssssox.ssssssssssssossssssssso..............sxxxxsssssssssssssssssssssssssssssslll
lllllllllllllllllllllllllllllllllllssssssssssssssssssssssosssssssoxsssssssssosossssssssssoo.............ssssssssssssssssssssssssssssssssssslll
lllllllllllllllllllllllllllllllllllsssssssssssssssllllllolllllllllollllllllllolllllllllllooxxxxxxxxxxxxxllllllllllllllllllllllllllllllllllllll
>ot l
>d 0 intro.map
>d 1 intro.map
>d 3 title.map
