........................................................................................................................................................................................................................................................................................................................................................................................
........................................................................................................................................................................................................................................................................................................................................................................................
........................................................................................................................................................................................................................................................................................................................................................................................
........................................................................................................................................................................................................................................................................................................................................................................................
........................................................................................................................................................................................................................................................................................................................................................................................
........................................................................................................................................................................................................................................................................................................................................................................................
........................................................................................................................................................................................................................................................................................................................................................................................
........................................................................................................................................................................................................................................................................................................................................................................................
........................................................................................................................................................................................................................................................................................................................................................................................
........................................................................................................................................................................................................................................................................................................................................................................................
........................................................................................................................................................................................................................................................................................................................................................................................
........................................................................................................................................................................................................................................................................................................................................................................................
........................................................................................................................................................................................................................................................................................................................................................................................
........................................................................................................................................................................................................................................................................................................................................................................................
........................................................................................................................................................................................................................................................................................................................................................................................
........................................................................................................................................................................................................................................................................................................................................................................................
...............................................................................................................................................................................................................................................................................................................................................................................llllll...
.............................................................................................................................................................................................................................................................................................................................................................................llllllllll.
............................................................................................................................................................................................................................................................................................................................................................................llllllllllll
............................................................................................................................................................................................................................................................................................................................................................................llllllllllll
............................................................................................................................................................................................................................................................................................................................................................................llllllllllll
............................................................................................................................................................................................................................................................................................................................................................................llllllllllll
............................................................................................................................................................................................................................................................................................................................................................................llllllllllll
............................................................................................................................................................................................................................................................................................................................................................................llllllllllll
............................................................................................................................................................................................................................................................................................................................................................................llllllllllll
............................................................................................................................................................................................................................................................................................................................................................................llllllllllll
............................................................................................................................................................................................................................................................................................................................................................................llllllllllll
............................................................................................................................................................................................................................................................................................................................................................................llllllllllll
............................................................................................................................................................................................................................................................................................................................................................................llllllllllll
............................................................................................................................................................................................................................................................................................................................................................................llllllllllll
............................................................................................................................................................................................................................................................................................................................................................................llllllllllll
............................................................................................................................................................................................................................................................................................................................................................................llllllllllll
..................;;;.......................................................................................................................................................................................................................................................................................................................................................llllllllllll
.................;ooo;......................................................................................................................................................................................................................................................................................................................................................llllllllllll
................;o...o;.....................................................................................................................................................................................................................................................................................................................................................llllllllllll
................o.....o.....................................................................................................................................................................................................................................................................................................................................................llllllllllll
................o.o.o.o.....................................................................................................................................................................................................................................................................................................................................................llllllllllll
................o.....o.....................................................................................................................................................................................................................................................................................................................................................llllllllllll
.................o...o......................................................................................................................................................................................................................................................................................................................................................llllllllllll
..................ooo.......................................................................................................................................................................................................................................................................................................................................................llllllllllll
...................o....o...................................................................................................................................................................................................................................................................................................................................................llllllllllll
.............ooooooooooooo..................................................................................................................................................................................................................................................................................................................................................llllllllllll
..............o....o........................................................................................................................................................................................................................................................................................................................................................llllllllllll
...................o........................................................................................................................................................................................................................................................................................................................................................llllllllllll
.................ooo........................................................................................................................................................................................................................................................................................................................................................llllllllllll
...............oo..o........................................................................................................................................................................................................................................................................................................................................................llllllllllll
...........o.oo....o........................................................................................................................................................................................................................................................................................................................................................llllllllllll
............o......o........................................................................................................................................................................................................................................................................................................................................................llllllllllll
...................o........................................................................................................................................................................................................................................................................................................................................................llllllllllll
...................o........................................................................................................................................................................................................................................................................................................................................................llllllllllll
...................oo.......................................................................................................................................................................................................................................................................................................................................................llllllllllll
.................ooo........................................................................................................................................................................................................................................................................................................................................................llllllllllll
................o...o.......................................................................................................................................................................................................................................................................................................................................................llllllllllll
...............o..o..o......................................................................................................................................................................................................................................................................................................................................................llllllllllll
...............o.o...o......................................................................................................................................................................................................................................................................................................................................................llllllllllll
...............o.o.o.o......................................................................................................................................................................................................................................................................................................................................................llllllllllll
................o...o.......................................................................................................................................................................................................................................................................................................................................................llllllllllll
...............o.ooo........................................................................................................................................................................................................................................................................................................................................................llllllllllll
.............oo.............................................................................................................................................................................................................................................................................................................................................................llllllllllll
.............o.o............................................................................................................................................................................................................................................................................................................................................................llllllllllll
..........oooo.o............................................................................................................................................................................................................................................................................................................................................................llllllllllll
........oo..oo.o............................................................................................................................................................................................................................................................................................................................................................llllllllllll
.......o....oo.o............................................................................................................................................................................................................................................................................................................................................................llllllllllll
......o....o.o.o............................................................................................................................................................................................................................................................................................................................................................llllllllllll
.....ooo...o...o............................................................................................................................................................................................................................................................................................................................................................llllllllllll
....o...o.o.................................................................................................................................................................................................................................................................................................................................................................llllllllllll
...o.o.o.o..................................................................................................................................................................................................................................................................................................................................................................llllllllllll
...o.....o..................................................................................................................................................................................................................................................................................................................................................................llllllllllll
...o.ooo.o..................................................................................................................................................................................................................................................................................................................................................................llllllllllll
....o...o...................................................................................................................................................................................................................................................................................................................................................................llllllllllll
.....ooo....................................................................................................................................................................................................................................................................................................................................................................llllllllllll
......o.....................................................................................................................................................................................................................................................................................................................................................................llllllllllll
....ooooo...................................................................................................................................................................................................................................................................................................................................................................llllllllllll
...o..o..o..................................................................................................................................................................................................................................................................................................................................................................llllllllllll
..o...o...o.................................................................................................................................................................................................................................................................................................................................................................llllllllllll
.o...o.o...o................................................................................................................................................................................................................................................................................................................................................................llllllllllll
....o...o...................................................................................................................................................................................................................................................................................................................................................................llllllllllll
....o...o...................................................................................................................................................................................................................................................................................................................................................................llllllllllll
...o.....o..................................................................................................................................................................................................................................................................................................................................................................llllllllllll
...o.....o..................................................................................................................................................................................................................................................................................................................................................................llllllllllll
sssssssssssssssssssssssssssssssssssssss.....................................................................................................................................................................................................................................................................................................................................llllllllllll
.sssssssssssssssssssssssssssssssssssssssssssssssssssssssssssssssssssssssss..................................................................................................................................................................................................................................................................................................llllllllllll
.ssssssssssssssssssssssssssssssssssssssssssssssssssssssssssssssssssssssss...ss.....sssssssssssssssssssssssssssssssssss.ss..s....s...sssssssssssssssssssssssssssssssssssssssssssss..........................ssssssssssssssssssssssssssssssssssssssssss.......................................................................................................................llllllllllll
..ssssssssssssssssssssssssssssssssssssssssssssssssssssssssssssssssssssss.....ssssssssssssssss.ssssssssssssssss.........................sssssssssssssssssssssssssssssssssssssssss.................................ssssssssssssssssssssssssssssssssssss.......................................................................................................................llllllllllll
..ssssssssssssssssssssssssssssssssssssssssssssssssssssssssssssssssssssss......sssssss..........sssssssssss.s...........................ssssssssssssssssssssssssssssssssssssssss.................................sssssssssssssssssssssssssssssssssssss.......................................................................................................................llllllllllll
..ssssssssssssssssssssssssssssssssssssssssssssssssssssssssssssssssssssss......ssssss..llll.lll..sssss.sssss............................sssssssssssssssssssssssssssssssssssssss.....................................ssssssssssssssssssssssssssssssssss.......................................................................................................................llllllllllll
..lllllllllllllllllllllllllllllllllllllssssssssssssssssssssssllllsssssss......ssssss.llllllllll..........................................ssssssssssssssssssllllllllllllllllss........................................llllllllllllssssssssssslllllllll.......................................................................................................................llllllllllll
..llllllllllllllllllllllllllllllllllllllllllsssssssssssssllllllllsssssss..........ss..lllllllll..llllllllll..............................lllllllllllllllllllllllllllllllllll.........................................llllllllllllllllllllllllllllllll.......................................................................................................................llllllllllll
..lllllllllllllllllllllllllllllllllllllllllllllllllllllllllllllllsssss.s......sss.ss.llllllllllllllllllllll..............................llllllllllllllllllllllllllllllllll..........................................llllllllllllllllllllllllllllllll.......................................................................................................................llllllllllll
..lllllllllllllllllllllllllllllllllllllllllllllllllllllllllllllllsssssss......sss....lllllllllllllll.llllll..t...........................lllllllllllllllllllllllllllllllll...........................................llllllllllllllllllllllllllllllll.......................................................................................................................llllllllllll
..lllllllllllllllllllllllllllllllllllllllllllllllllllllllllllllllsssssss.......ssssslllllllllllllllllllllllllll..........................llllllllllllllllllllllllllllllll............................................llllllllllllllllllllllllllllllll.......................................................................................................................llllllllllll
..lllllllllllllllllllllllllllllllllllllllllllllllllllllllllllllllsssssss......sssssslllllllllllllllllllllll..............................lllllllllllllllllllllllllllllll..............................................lllllllllllllllllllllllllllllll.......................................................................................................................llllllllllll
..lllllllllllllllllllllllllllllllllllllllllllllllllllllllllllllllsssssss......ssssssllllllllllllllllllllll.............................llllllllllllllllllllllllllllllll...............................................lllllllllllllllllllllllllllllll.......................................................................................................................llllllllllll
..lllllllllllllllllllllllllllllllllllllllllllllllllllllllllllllllsssssss.......ssssslllllllllllllllllllll............................lllllllllllllllllllllllllllllllll................................................lllllllllllllllllllllllllllllll.......................................................................................................................llllllllllll
..lllllllllllllllllllllllllllllllllllllllllllllllllllllllllllllllsssssss......sssssssllllllllllllllllllll...lllllll...................lllllllllllllllllllllllllllllllll...............................................lllllllllllllllllllllllllllllll.......................................................................................................................llllllllllll
..lllllllllllllllllllllllllllllllllllllllllllllllllllllllllllllllsssssss..3...sssssssllllllllllllllllllll..ll.....ll..................lllllllllllllllllllllllllllllllll...............................................lllllllllllllllllllllllllllllll.......................................................................................................................llllllllllll
..lllllllllllllllllllllllllllllllllllllllllllllllllllllllllllllllsssssss......sssssssllllllllllllllllllll..l..o..o.ll.................lllllllllllllllllllllllllllllllllll............................................llllllllllllllllllllllllllllllll.......................................................................................................................llllllllllll
..lllllllllllllllllllllllllllllllllllllllllllllllllllllllllllllllsssssss......sssssssllllllllllllllllllll.ll........l..................lllllllllllllllllllllllllllllllllll...........................................llllllllllllllllllllllllllllllll.......................................................................................................................llllllllllll
..lllllllllllllllllllllllllllllllllllllllllllllllllllllllllllllllsssssss......ssssssslllllllllllllllllll..l..xxxxx..l...................llllllllllllllllllllllllllllllllll.............................................llllllllllllllllllllllllllllll.......................................................................................................................llllllllllll
..lllllllllllllllllllllllllllllllllllllllllllllllllllllllllllllllsssssss......ssssssslllllllllllllllllll..l..ooooo.ll...................llllllllllllllllllllllllllllllllllll............................................lllllllllllllllllllllllllllll.......................................................................................................................llllllllllll
..lllllllllllllllllllllllllllllllllllllllllllllllllllllllllllllllsssssss......sssssssllllllllllllllllll...ll.......l....................lllllllllllllllllllllllllllllllllllll.................................................lllllllllllllllllllllll.......................................................................................................................llllllllllll
..lllllllllllllllllllllllllllllllllllllllllllllllllllllllllllllllsssssss......sssssssllllllllllllllllll....ll.....ll....................lllllllllllllllllllllllllllllllllllll................................................llllllllllllllllllllllll.......................................................................................................................llllllllllll
..lllllllllllllllllllllllllllllllllllllllllllllllllllllllllllllllsssssss......sssssssllllllllllllllllll.....lll.lll....................llllllllllllllllllllllllllllllllllllll.................................................lllllllllllllllllllllll.......................................................................................................................llllllllllll
..lllllllllllllllllllllllllllllllllllllllllllllllllllllllllllllllsssssss......ssssssslllllllllllllllll......l.ll......................llllllllllllllllllllllllllllllllllllll..................................................lllllllllllllllllllllllsssssssssssssssssssssssssssssssssssssssssssssss..ssssssssssssssssssssssssssssssssssssssssssssssssssssssssssssssssssssssllllllllllll
..lllllllllllllllllllllllllllllllllllllllllllllllllllllllllllllllsssssss......sssssssllllllllllllllll...................................lllllllllllllllllllllllllllllllllll...................................................lllllllllllllllllllllllsssssssssssssssssssssssssssssssssssssssssssssss..ssssssssssssssssssssssssssssssssssssssssssssssssssssssssssssssssssssssllllllllllll
..lllllllllllllllllllllllllllllllllllllllllllllllllllllllllllllllsssssss......sssssssllllllllllllllll....................................llllllllllllllllllllllllllllllllll...................................................llllllllllllllllllllllllllllllllllllllllllllllllllllllllllllllllllllss..ssllllllllllllllllllllllllllllllllllllllllllllllllllllllllllllllllllllllllllllllll
..lllllllllllllllllllllllllllllllllllllllllllllllllllllllllllllllsssssss......sssssssllllllllllllllll....................................llllllllllllllllllllllllllllllllll...................................................llllllllllllllllllllllllllllllllllllllllllllllllllllllllllllllllllllss..ssllllllllllllllllllllllllllllllllllllllllllllllllllllllllllllllllllllllllllllllll
..lllllllllllllllllllllllllllllllllllllllllllllllllllllllllllllllsssssss......ssssssslllllllllllllll.....................................llllllllllllllllllllllllllllllllll..................................................lllllllllllllllllllllllllllllllllllllllllllllllllllllllllllllllllllllss..ssllllllllllllllllllllllllllllllllllllllllllllllllllllllllllllllllllllllllllllllll
..lllllllllllllllllllllllllllllllllllllllllllllllllllllllllllllllsssssss......ssssssslllllllllllllll....................................lllllllllllllllllllllllllllllllllll..................................................lllllllllllllllllllllllllllllllllllllllllllllllllllllllllllllllllllllss..ssllllllllllllllllllllllllllllllllllllllllllllllllllllllllllllllllllllllllllllllll
..lllllllllllllllllllllllllllllllllllllllllllllllllllllllllllllllsssssss......sssssssllllllllllllll....................................llllllllllllllllllllllllllllllllllll...................................................llllllllllllllllllllllllllllllllllllllllllllllllllllllllllllllllllllss..ssllllllllllllllllllllllllllllllllllllllllllllllllllllllllllllllllllllllllllllllll
..lllllllllllllllllllllllllllllllllllllllllllllllllllllllllllllllsssssss......sssssssllllllllllll..................................llllllllllllllllllllllllllllllllllllllll...................................................llllllllllllllllllllllllllllllllllllllllllllllllllllllllllllllllllllss..ssllllllllllllllllllllllllllllllllllllllllllllllllllllllllllllllllllllllllllllllll
..lllllllllllllllllllllllllllllllllllllllllllllllllllllllllllllllsssssss......ssssssslllllllllllll....................................lllllllllllllllllllllllllllllllllllll..................................................lllllllllllllllllllllllllllllllllllllllllllllllllllllllllllllllllllllss..ssllllllllllllllllllllllllllllllllllllllllllllllllllllllllllllllllllllllllllllllll
..lllllllllllllllllllllllllllllllllllllllllllllllllllllllllllllllsssssss......ssssssslllllllllllll.....................................lllllllllllllllllllllllllllllllllll...........................................lllllllllllllllllllllllllllllllllllllllllllllllllllllllllllllllllllllllllllllss..ssllllllllllllllllllllllllllllllllllllllllllllllllllllllllllllllllllllllllllllllll
..lllllllllllllllllllllllllllllllllllllllllllllllllllllllllllllllsssssss......ssssssslllllllllllll......................................lllllllllllllllllllllllllllllllll...............................................llllllllllllllllllllllllllllllllllllllllllllllllllllllllllllllllllllllllllss..ssllllllllllllllllllllllllllllllllllllllllllllllllllllllllllllllllllllllllllllllll
..lllllllllllllllllllllllllllllllllllllllllllllllllllllllllllllllsssssss......ssssssslllllllllllll......................................lllllllllllllllllllllllllllllllll................................................lllllllllllllllllllllllllllllllllllllllllllllllllllllllllllllllllllllllllss..ssllllllllllllllllllllllllllllllllllllllllllllllllllllllllllllllllllllllllllllllll
..llllllllllllllllllllllllllllllllllllllllllllllllllllllllllllllssssssss......ssssssslllllllllllll......................................lllllllllllllllllllllllllllllll..................................................lllllllllllllllllllllllllllllllllllllllllllllllllllllllllllllllllllllllllss..ssllllllllllllllllllllllllllllllllllllllllllllllllllllllllllllllllllllllllllllllll
..llllllllllllllllllllllllllllllllllllllllllllllllllllllllllllllssssssss......sssssssllllllllllll..........................................lllllllllllllllllllllllllllll....................................................llllllllllllllllllllllllllllllllllllllllllllllllllllllllllllllllllllllss..ssssssssssssssssssssssssssssssssssssssslllllllllllllllllllllllllllllllllllllllllll
..llllllllllllllllllllllllllllllllllllllllllllllllllllllllllllllssssssss......sssssssllllllllllll...........................................lllllllllllllllllllllllllllll....................................................lllllllllllllllllllllllllllllllllllllllllllllllllllllllllllllllllllllss..ssssssssssssssssssssssssssssssssssssssslllllllllllllllllllllllllllllllllllllllllll
..llllllllllllllllllllllllllllllllllllllllllllllllllllllllllllllssssssss......ssssssslllllllllllll...........................................llllllllllllllllllllllllllllllllll..........................................lllllllllllllllllllllllllllllllllllllllllllllllllllllllllllllllllllllllllss...........ss................|.......|.sslllllllllllllllllllllllllllllllllllllllllll
..llllllllllllllllllllllllllllllllllllllllllllllllllllllllllllllssssssss......ssssssslllllllllllll....................................l......llllllllllllllllllllllllllllllll..............................................lllllllllllllllllllllllllllllllllllllllllllllllllllllllllllllllllllllllss...........ss..C.....C.C.....|.......|.sslllllllllllllllllllllllllllllllllllllllllll
..llllllllllllllllllllllllllllllllllllllllllllllllllllllllllllllssssssss......ssssssssllllllllllll....................................l....lllllllllllllllllllllllllllllllll...................................................lllllllllllllllllllllllllllllllllllllllllllllllllllllllllllllllllllss.....j.....ss..sssssssss.....|.......|.sslllllllllllllllllllllllllllllllllllllllllll
..llllllllllllllllllllllllllllllllllllllllllllllllllllllllllllllssssssss.......sssssssllllllllllll....................................ll...llllllllllllllllllllllllllllllll...............................................llllllllllllllllllllllllllllllllllllllllllllllllllllllllllllllllllllllllss...........ss..sssssssss.....|.......|.sssssssssssssssssssssllllllllllllllllllllllll
..llllllllllllllllllllllllllllllllllllllllllllllllllllllllllllllsssssss........sssssssllllllllllll...................................llllllllllllllllllllllllllllllllllllll.............................................llllllllllllllllllllllllllllllllllllllllllllllllllllllllllllllllllllllllllssss.........ss.........ss.....s.......|.sssssssssssssssssssssllllllllllllllllllllllll
..llllllllllllllllllllllllllllllllllllllllllllllllllllllllllllllsssssss........sssssssllllllllllll...................................llllllllllllllllllllllllllllllllllllll.............................................llllllllllllllllllllllllllllllllllllllllllllllllllllllllllllllllllllllllllssss......j..ss.........ss.............|..............xxxxxxssllllllllllllllllllllllll
..llllllllllllllllllllllllllllllllllllllllllllllllllllllllllllllsssssss........ssssssslllllllllll...................................lllllllllllllllllllllllllllllllllllllll..............................................lllllllllllllllllllllllllllllllllllllllllllllllllllllllllllllllllllllllllssssss.......ss..f..f.s.ss.............|.....++++.....x.....ssllllllllllllllllllllllll
..llllllllllllllllllllllllllllllllllllllllllllllllllllllllllllllsssssss........ssssssslllllllllll...................................lllllllllllllllllllllllllllllllllllllll...............................................llllllllllllllllllllllllllllllllllllllllllllllllllllllllllllllllllllllllssssss.......ssssssssss.ss.............|...++..x.+...x......ssllllllllllllllllllllllll
..llllllllllllllllllllllllllllllllllllllllllllllllllllllllllllllsssssss........sssssssllllllllllll..........................ll....lllllllllllsssssssslllllllllllllllllllssss............................................llllllllllllllllllllllllllllllllllllllllllllllllllllllllllllllllllllllllllssssssss................ss.............|.......x.+..x.......ssllllllllllllllllllllllll
..llllllllllllllllllllllllllllllllllllllllllllllllllllllllllllllsssssss........sssssssllllllllllllss.........................llllllllllssssssssssssssssssssssssssssssssssssssssssssssssssss............................lllllllllllllllllllllllllllllllllllllllllllllllllllllllllllllllllllllllllllssssssssgg....gg...gg...ss.............|......x..+.x........ssllllllllllllllllllllllll
..llllllllllllllllllllllllllllllllllllllllllllllllllllllllllllllsssssss........ssssssslllllllllllsss.........................slllllllsssssssssssssssssssssssssssssssssssssssssssssssssssss............................llllllllllllllllllllllllllllllllllllllllllllllllllllllllllllllllllllllllllllssssssssssssssssssssssssss............sss....x..+.x.....V.1.ssllllllllllllllllllllllll
..llllllllllllllllllllllllllllllllllllllllllllllllllllllllllllllssssss..........ssssssllllllllllssss.........................sssslllsssssssssssssssssssssssssssssssssssssssssssssssssssssssssss.......................llllllllllllllllllllllllllllllllllllllllllllllllllllllllllllllllllllllllllllssssssssssssssssssssssssss..................x...+.x....sososssllllllllllllllllllllllll
..llllllllllllllllllllllllllllllllllllllllllllllllllllllllllllllssssss..........sssssslllllllsssssss.........................sssssssssssssssssssssssssssssssssssssssssssssssssssssssssssssssssssss...................sssssssssssslllllllllllllllllllllllllllllllllllllllllllllllllllllllllllllllllllllllllllllllllllllllllss................p.x..........sssssssllllllllllllllllllllllll
..lllllllllllllllllllllllllllllllllllllllllllllllllllllllllllllsssssss..........ssssssllllllssssssss.........................sssssssssssssssssssssssssssssssssssssssssssssssssssssssssssss............................ssssssssssssssssslllllllllllllllllllllllllllllllllllllllllllllllllllllllllllllllllllllllllllllllllllssssssssssssss...sssssssssssssssssssllllllllllllllllllllllllll
..lllllllllllllllllllllllllllllllllllllllllllllllllllllllllllllsssssss..........sssssssllllssssssssss........................ssssssssssssssssssssssssssssssssssssssssssssssssssssssssssssss...............................ssssssssssssssssssssssssssssssssssssssssssssssssllllllllllllllllllllllllllllllllllllllllllllllllssssssssssssss...sssssssssssssssssssllllllllllllllllllllllllll
..lllllllllllllllllllllllllllllllllllllllllllllllllllllllllllllsssssss..........ssssssslllsssssssssssss.......................sssssssssssssssssssssssssssssssssssssssssssssssssssssss.....................................ssssssssssssssssssssssssssssssssssssssssssssssssllllllllllllllllllllllllllllllllllllllllllllllllssssssssssssss...sssssssssssssssssssllllllllllllllllllllllllll
..lllllllllllllllllllllllllllllllllllllllllllllllllllllllllllllsssssss..........ssssssssllsssssssssss...........................sssssssss..................ssssssssssssssssssssssssss......................................sssssssssssssssssssssss.........++++.........ssllllllllllllllllllllllllllllllllllllssssssssssssssssssssssssss...sssssssssssssssssssllllllllllllllllllllllllll
..lllllllllllllllllllllllllllllllllllllllllllllllllllllllllllllssssss............sssssssssssssssss...............................ssssss....................ssssssssssssssssssssssss.........................................sssssssssssssssssssss.......................sslllllllllllllllllllllllllllllllllllsssssssssssssssssssssssssss...............sssssssllllllllllllllllllllllllll
..llllllllllllllllllllllllllllllllllllllllllllllllllllllllllllsssssss............ssssssssssssssss..................................sss.....................ssssssssssssssssssss.............................................ssssssssssssssssssss.....++++........++++...ssllllllllllllllllllllllllllllllllllsss...........ssssssssssssss...............sssssssllllllllllllllllllllllllll
..llllllllllllllllllllllllllllllllllllllllllllllllllllllllllllsssssss............sssssssssssssss....................................s...................sssssssssssssssssssssss..............................................sssssssssssssssssss....ssssssssssssssssss..sslllllllllllllllllllllllllllllllllsss.............ssssssssssssssssssss........sssssssllllllllllllllllllllllllll
..llllllllllllllllllllllllllllllllllllllllllllllllllllllllllllsssssss............ssssssssssssss...............................................+++++.....ssssssssssssssssssssss...............................................sssssssssssssssssss....ssssssssssssssssss..ssllllllllllllllllllllllllllllllllsss...............sssssssssssssssssss........sssssssllllllllllllllllllllllllll
..lllllllllllllllllllllllllllllllllllllllllllllllllllllllllllsssssss..............ssssssssssss.....................................................+....ssssssssssssssssssss..................................................ssssssssssssssssss..o.ssssssssssssssssss..sslllllllllllllllllllllllllllllllsss................................................ssllllllllllllllllllllllllll
..lllllllllllllllllllllllllllllllllllllllllllllllllllllllllllsssssss..............ssssssssssss.....................................+++......xxxxxx.+.xxxsssssssssssssssssss....................................................sssssssssssssssss....ssssssssssssssssss..sssssssssssssssssssssssssssssssssss.....+++++.............................ss........ssllllllllllllllllllllllllll
..lllllllllllllllllllllllllllllllllllllllllllllllllllllllllllssssss................sssssssssss.......++++.........................+.......;.ssssss.+.ssssssssssssssssssss......................................................sssssssssssssssss....ssssssssssssssssss..ssssssssssssssssssssssssssssssssss.....+.xx..+............................ss........ssllllllllllllllllllllllllll
..lllllllllllllllllllllllllllllllllllllllllllllllllllllllllllsssss..................ssssssssss......ssssss.............................sssssssssss.+.ssssssssssssssssssss........................................................................o...............................................................ssxx........V........++++........ss.....0..ssllllllllllllllllllllllllll
..llllllllllllllllllllllllllllllllllllllllllllllllllllllllllssssss...................sssssssss.......ssss...............+++............sssssssssss.+.sssssssssssssssssss.....................................................+++++...............................................................................ssssx......ssss..ssssssssssssssssssssssssssssllllllllllllllllllllllllll
..llllllllllllllllllllllllllllllllllllllllllllllllllllllllllssssss....................ssssssss.......ssss..............+.....ss.....................................................................................................................xxx..xxx...............................ssssxxssssxxsssxxxsxxxsssssx.....sssss.ssssssssssssssssssssssssssssllllllllllllllllllllllllll
..lllllllllllllllllllllllllllllllllllllllllllllllllllllllllssssss......................ssssssssss....ssss....................ss.........................................................................++.....................xx...............sssssssssssssssss........................ssssssssssssssssssssssssssssssx....ssss..ssllllllllllllllllllllllllllllllllllllllllllllllllllll
..lllllllllllllllllllllllllllllllllllllllllllllllllllllllllssssss..........................sssss.....sss.............................................................................................................xx...+....ss...............sssssssssssssssss.oo..oo.................ssssssssssssssssss.....ssssssssx...ssss.sssllllllllllllllllllllllllllllllllllllllllllllllllllll
..lllllllllllllllllllllllllllllllllllllllllllllllllllllllllssssss...................................sss.........sssssss.................;;;.....;.;;......V..+++..............xx...............xx................+...oooo..+...ss...............sssssssssssssssss........................sssssssssssssssss.+++++.ssssssss...ssss..ssllllllllllllllllllllllllllllllllllllllllllllllllllll
..lllllllllllllllllllllllllllllllllllllllllllllllllllllllllssssss...................................sss.........sssssss...............ssssssssssssssssssssssssss..............ss....g+++++g....ss...oo......oo....+............ss................................................oo..oo..sssss++++sssssss.........sssssss...sssss.ssllllllllllllllllllllllllllllllllllllllllllllllllllll
..llllllllllllllllllllllllllllllllllllllllllllllllllllllllllssssss................................;.sss................................sssssssssssssssssssssssss..........oo..sssssssssssssssssss..................+.....+.....ss........V...............................xxx...............................xxxxx..................ssllllllllllllllllllllllllllllllllllllllllllllllllllll
..llllllllllllllllllllllllllllllllllllllllllllllllllllllllllssssss...............................ssssssssss............................sssssssssssssssssssssssss....++++......sssssssssssssssssss.......................+..oo..ssssssssssssss....g.++..g.++...g.++......;sss..............g.....g.....g....sssss......g.......g..sssllllllllllllllllllllllllllllllllllllllllllllllllllll
..llllllllllllllllllllllllllllllllllllllllllllllllllllllllllsssssss..............................ssssssssss;;;.......;;;.;;;;;;;;.;;;..sssssssssssssssssssssssss..........g...sssssssssssssssssssxxxxxxxxxx....................sssssssssssssssssssssssssssssssssssssssssssssssssssssssssssssssssssssssssssssssssssssssssssssssssssssllllllllllllllllllllllllllllllllllllllllllllllllllll
..lllllllllllllllllllllllllllllllllllllllllllllllllllllllllllsssssss......................sssssssssssssssssssssssssssssssssssssssssssssssssssssssssssssssssssssssssssssssssssssssssssssssssssssssssssssssssx...................ssssssssssssssssssssssssssssssssssssssssssssssssssssssssssssssssssssssssssssslllsssssssssssssssssssssllllllllllllllllllllllllllllllllllllllllllllllllllll
..lllllllllllllllllllllllllllllllllllllllllllllllllllllllllllssssssss.................ssssssssssssssssssssssssssssssssssssssssssssssssssssssssssssssssssssssssssssssssssssssssssssssssssssssssssssssssssssssx........oo.......xsssssssssssssslllllllllllllllllllllllllllllllllllllllllllllllllllllllllllllllllllllllllllllllllllllllllllllllllllllllllllllllllllllllllllllllllllllllllll
..llllllllllllllllllllllllllllllllllllllllllllllllllllllllllllssssssssss..........sssssssssssssssssssssssssssssssssssssssssssssssssssssssssssssssssssssssssssssssssssssssssssssssssssssssssssssssssssssssssssx.............x.xssssssssssssssllllllllllllllllllllllllllllllllllllllllllllllllllllllllllllllllllllllllllllllllllllllllllllllllllllllllllllllllllllllllllllllllllllllllllll
..llllllllllllllllllllllllllllllllllllllllllllllllllllllllllllssssssssssssssssssssssssssssssssssssssssssssssssssssssssssssssssssssssssssssssssssssssssssssssssssssssssssssssssssssssssssssssssssssssssssssssssx...x.......xsxsssssssssssssslllllllllllllllllllllllllllllllllllllllllllllllllllllllllllllllllllllllllllllllllllllllllllllllllllllllllllllllllllllllllllllllllllllllllllll
..lllllllllllllllllllllllllllllllllllllllllllllllllllllllllllllssssssssssssssssssssssssssssssssssssssssssssssssssssssssssssssssssssssssssssssssssssssssssssssssssssssssssssssssssssssssssssssssssssssssssssssssx.xsx...x.xssssssssssssssslllllllllllllllllllllllllllllllllllllllllllllllllllllllllllllllllllllllllllllllllllllllllllllllllllllllllllllllllllllllllllllllllllllllllllllll
..lllllllllllllllllllllllllllllllllllllllllllllllllllllllllllllllsssssssssssssssssssssssssssssssssssssslllllllllllllllllllllssssssssssssssssssssssssssssssssssssssssssssssssssssslllllssssssssssssssssssssssssssxsssx.xsxsssssssssssssssllllllllllllllllllllllllllllllllllllllllllllllllllllllllllllllllllllllllllllllllllllllllllllllllllllllllllllllllllllllllllllllllllllllllllllllll
..llllllllllllllllllllllllllllllllllllllllllllllllllllllllllllllllllllsssssssssssssssssssssslllllllllllllllllllllllllllllllllllllllllllllllllsssssssssssssssssssssssllllllllllllllllllllllllsssssssssssssssssssssssssxssssssssssssssssllllllllllllllllllllllllllllllllllllllllllllllllllllllllllllllllllllllllllllllllllllllllllllllllllllllllllllllllllllllllllllllllllllllllllllllllll
..llllllllllllllllllllllllllllllllllllllllllllllllllllllllllllllllllllllsssssssssssslllllllllllllllllllllllllllllllllllllllllllllllllllllllllllllllllllllllllllllllllllllllllllllllllllllllllllllllsssssssssssssssssssssssssssssssslllllllllllllllllllllllllllllllllllllllllllllllllllllllllllllllllllllllllllllllllllllllllllllllllllllllllllllllllllllllllllllllllllllllllllllllllllll
..lllllllllllllllllllllllllllllllllllllllllllllllllllllllllllllllllllllllllllllllllllllllllllllllllllllllllllllllllllllllllllllllllllllllllllllllllllllllllllllllllllllllllllllllllllllllllllllllllllllllllsssssssssssssssssssssslllllllllllllllllllllllllllllllllllllllllllllllllllllllllllllllllllllllllllllllllllllllllllllllllllllllllllllllllllllllllllllllllllllllllllllllllllllll
..llllllllllllllllllllllllllllllllllllllllllllllllllllllllllllllllllllllllllllllllllllllllllllllllllllllllllllllllllllllllllllllllllllllllllllllllllllllllllllllllllllllllllllllllllllllllllllllllllllllllllllllssssssssssssssllllllllllllllllllllllllllllllllllllllllllllllllllllllllllllllllllllllllllllllllllllllllllllllllllllllllllllllllllllllllllllllllllllllllllllllllllllllllll
..llllllllllllllllllllllllllllllllllllllllllllllllllllllllllllllllllllllllllllllllllllllllllllllllllllllllllllllllllllllllllllllllllllllllllllllllllllllllllllllllllllllllllllllllllllllllllllllllllllllllllllllllllllllllllllllllllllllllllllllllllllllllllllllllllllllllllllllllllllllllllllllllllllllllllllllllllllllllllllllllllllllllllllllllllllllllllllllllllllllllllllllllllllll
..llllllllllllllllllllllllllllllllllllllllllllllllllllllllllllllllllllllllllllllllllllllllllllllllllllllllllllllllllllllllllllllllllllllllllllllllllllllllllllllllllllllllllllllllllllllllllllllllllllllllllllllllllllllllllllllllllllllllllllllllllllllllllllllllllllllllllllllllllllllllllllllllllllllllllllllllllllllllllllllllllllllllllllllllllllllllllllllllllllllllllllllllllllll
..llllllllllllllllllllllllllllllllllllllllllllllllllllllllllllllllllllllllllllllllllllllllllllllllllllllllllllllllllllllllllllllllllllllllllllllllllllllllllllllllllllllllllllllllllllllllllllllllllllllllllllllllllllllllllllllllllllllllllllllllllllllllllllllllllllllllllllllllllllllllllllllllllllllllllllllllllllllllllllllllllllllllllllllllllllllllllllllllllllllllllllllllllllll
..llllllllllllllllllllllllllllllllllllllllllllllllllllllllllllllllllllllllllllllllllllllllllllllllllllllllllllllllllllllllllllllllllllllllllllllllllllllllllllllllllllllllllllllllllllllllllllllllllllllllllllllllllllllllllllllllllllllllllllllllllllllllllllllllllllllllllllllllllllllllllllllllllllllllllllllllllllllllllllllllllllllllllllllllllllllllllllllllllllllllllllllllllllll
..llllllllllllllllllllllllllllllllllllllllllllllllllllllllllllllllllllllllllllllllllllllllllllllllllllllllllllllllllllllllllllllllllllllllllllllllllllllllllllllllllllllllllllllllllllllllllllllllllllllllllllllllllllllllllllllllllllllllllllllllllllllllllllllllllllllllllllllllllllllllllllllllllllllllllllllllllllllllllllllllllllllllllllllllllllllllllllllllllllllllllllllllllllll
..llllllllllllllllllllllllllllllllllllllllllllllllllllllllllllllllllllllllllllllllllllllllllllllllllllllllllllllllllllllllllllllllllllllllllllllllllllllllllllllllllllllllllllllllllllllllllllllllllllllllllllllllllllllllllllllllllllllllllllllllllllllllllllllllllllllllllllllllllllllllllllllllllllllllllllllllllllllllllllllllllllllllllllllllllllllllllllllllllllllllllllllllllllll
..llllllllllllllllllllllllllllllllllllllllllllllllllllllllllllllllllllllllllllllllllllllllllllllllllllllllllllllllllllllllllllllllllllllllllllllllllllllllllllllllllllllllllllllllllllllllllllllllllllllllllllllllllllllllllllllllllllllllllllllllllllllllllllllllllllllllllllllllllllllllllllllllllllllllllllllllllllllllllllllllllllllllllllllllllllllllllllllllllllllllllllllllllllll
..llllllllllllllllllllllllllllllllllllllllllllllllllllllllllllllllllllllllllllllllllllllllllllllllllllllllllllllllllllllllllllllllllllllllllllllllllllllllllllllllllllllllllllllllllllllllllllllllllllllllllllllllllllllllllllllllllllllllllllllllllllllllllllllllllllllllllllllllllllllllllllllllllllllllllllllllllllllllllllllllllllllllllllllllllllllllllllllllllllllllllllllllllllll
..llllllllllllllllllllllllllllllllllllllllllllllllllllllllllllllllllllllllllllllllllllllllllllllllllllllllllllllllllllllllllllllllllllllllllllllllllllllllllllllllllllllllllllllllllllllllllllllllllllllllllllllllllllllllllllllllllllllllllllllllllllllllllllllllllllllllllllllllllllllllllllllllllllllllllllllllllllllllllllllllllllllllllllllllllllllllllllllllllllllllllllllllllllll
..llllllllllllllllllllllllllllllllllllllllllllllllllllllllllllllllllllllllllllllllllllllllllllllllllllllllllllllllllllllllllllllllllllllllllllllllllllllllllllllllllllllllllllllllllllllllllllllllllllllllllllllllllllllllllllllllllllllllllllllllllllllllllllllllllllllllllllllllllllllllllllllllllllllllllllllllllllllllllllllllllllllllllllllllllllllllllllllllllllllllllllllllllllll
..llllllllllllllllllllllllllllllllllllllllllllllllllllllllllllllllllllllllllllllllllllllllllllllllllllllllllllllllllllllllllllllllllllllllllllllllllllllllllllllllllllllllllllllllllllllllllllllllllllllllllllllllllllllllllllllllllllllllllllllllllllllllllllllllllllllllllllllllllllllllllllllllllllllllllllllllllllllllllllllllllllllllllllllllllllllllllllllllllllllllllllllllllllll
..llllllllllllllllllllllllllllllllllllllllllllllllllllllllllllllllllllllllllllllllllllllllllllllllllllllllllllllllllllllllllllllllllllllllllllllllllllllllllllllllllllllllllllllllllllllllllllllllllllllllllllllllllllllllllllllllllllllllllllllllllllllllllllllllllllllllllllllllllllllllllllllllllllllllllllllllllllllllllllllllllllllllllllllllllllllllllllllllllllllllllllllllllllll
..llllllllllllllllllllllllllllllllllllllllllllllllllllllllllllllllllllllllllllllllllllllllllllllllllllllllllllllllllllllllllllllllllllllllllllllllllllllllllllllllllllllllllllllllllllllllllllllllllllllllllllllllllllllllllllllllllllllllllllllllllllllllllllllllllllllllllllllllllllllllllllllllllllllllllllllllllllllllllllllllllllllllllllllllllllllllllllllllllllllllllllllllllllll
..llllllllllllllllllllllllllllllllllllllllllllllllllllllllllllllllllllllllllllllllllllllllllllllllllllllllllllllllllllllllllllllllllllllllllllllllllllllllllllllllllllllllllllllllllllllllllllllllllllllllllllllllllllllllllllllllllllllllllllllllllllllllllllllllllllllllllllllllllllllllllllllllllllllllllllllllllllllllllllllllllllllllllllllllllllllllllllllllllllllllllllllllllllll
..llllllllllllllllllllllllllllllllllllllllllllllllllllllllllllllllllllllllllllllllllllllllllllllllllllllllllllllllllllllllllllllllllllllllllllllllllllllllllllllllllllllllllllllllllllllllllllllllllllllllllllllllllllllllllllllllllllllllllllllllllllllllllllllllllllllllllllllllllllllllllllllllllllllllllllllllllllllllllllllllllllllllllllllllllllllllllllllllllllllllllllllllllllll
..llllllllllllllllllllllllllllllllllllllllllllllllllllllllllllllllllllllllllllllllllllllllllllllllllllllllllllllllllllllllllllllllllllllllllllllllllllllllllllllllllllllllllllllllllllllllllllllllllllllllllllllllllllllllllllllllllllllllllllllllllllllllllllllllllllllllllllllllllllllllllllllllllllllllllllllllllllllllllllllllllllllllllllllllllllllllllllllllllllllllllllllllllllll
..llllllllllllllllllllllllllllllllllllllllllllllllllllllllllllllllllllllllllllllllllllllllllllllllllllllllllllllllllllllllllllllllllllllllllllllllllllllllllllllllllllllllllllllllllllllllllllllllllllllllllllllllllllllllllllllllllllllllllllllllllllllllllllllllllllllllllllllllllllllllllllllllllllllllllllllllllllllllllllllllllllllllllllllllllllllllllllllllllllllllllllllllllllll
..llllllllllllllllllllllllllllllllllllllllllllllllllllllllllllllllllllllllllllllllllllllllllllllllllllllllllllllllllllllllllllllllllllllllllllllllllllllllllllllllllllllllllllllllllllllllllllllllllllllllllllllllllllllllllllllllllllllllllllllllllllllllllllllllllllllllllllllllllllllllllllllllllllllllllllllllllllllllllllllllllllllllllllllllllllllllllllllllllllllllllllllllllllll
..llllllllllllllllllllllllllllllllllllllllllllllllllllllllllllllllllllllllllllllllllllllllllllllllllllllllllllllllllllllllllllllllllllllllllllllllllllllllllllllllllllllllllllllllllllllllllllllllllllllllllllllllllllllllllllllllllllllllllllllllllllllllllllllllllllllllllllllllllllllllllllllllllllllllllllllllllllllllllllllllllllllllllllllllllllllllllllllllllllllllllllllllllllll
..llllllllllllllllllllllllllllllllllllllllllllllllllllllllllllllllllllllllllllllllllllllllllllllllllllllllllllllllllllllllllllllllllllllllllllllllllllllllllllllllllllllllllllllllllllllllllllllllllllllllllllllllllllllllllllllllllllllllllllllllllllllllllllllllllllllllllllllllllllllllllllllllllllllllllllllllllllllllllllllllllllllllllllllllllllllllllllllllllllllllllllllllllllll
..llllllllllllllllllllllllllllllllllllllllllllllllllllllllllllllllllllllllllllllllllllllllllllllllllllllllllllllllllllllllllllllllllllllllllllllllllllllllllllllllllllllllllllllllllllllllllllllllllllllllllllllllllllllllllllllllllllllllllllllllllllllllllllllllllllllllllllllllllllllllllllllllllllllllllllllllllllllllllllllllllllllllllllllllllllllllllllllllllllllllllllllllllllll
..llllllllllllllllllllllllllllllllllllllllllllllllllllllllllllllllllllllllllllllllllllllllllllllllllllllllllllllllllllllllllllllllllllllllllllllllllllllllllllllllllllllllllllllllllllllllllllllllllllllllllllllllllllllllllllllllllllllllllllllllllllllllllllllllllllllllllllllllllllllllllllllllllllllllllllllllllllllllllllllllllllllllllllllllllllllllllllllllllllllllllllllllllllll
..llllllllllllllllllllllllllllllllllllllllllllllllllllllllllllllllllllllllllllllllllllllllllllllllllllllllllllllllllllllllllllllllllllllllllllllllllllllllllllllllllllllllllllllllllllllllllllllllllllllllllllllllllllllllllllllllllllllllllllllllllllllllllllllllllllllllllllllllllllllllllllllllllllllllllllllllllllllllllllllllllllllllllllllllllllllllllllllllllllllllllllllllllllll
..llllllllllllllllllllllllllllllllllllllllllllllllllllllllllllllllllllllllllllllllllllllllllllllllllllllllllllllllllllllllllllllllllllllllllllllllllllllllllllllllllllllllllllllllllllllllllllllllllllllllllllllllllllllllllllllllllllllllllllllllllllllllllllllllllllllllllllllllllllllllllllllllllllllllllllllllllllllllllllllllllllllllllllllllllllllllllllllllllllllllllllllllllllll
..llllllllllllllllllllllllllllllllllllllllllllllllllllllllllllllllllllllllllllllllllllllllllllllllllllllllllllllllllllllllllllllllllllllllllllllllllllllllllllllllllllllllllllllllllllllllllllllllllllllllllllllllllllllllllllllllllllllllllllllllllllllllllllllllllllllllllllllllllllllllllllllllllllllllllllllllllllllllllllllllllllllllllllllllllllllllllllllllllllllllllllllllllllll
..llllllllllllllllllllllllllllllllllllllllllllllllllllllllllllllllllllllllllllllllllllllllllllllllllllllllllllllllllllllllllllllllllllllllllllllllllllllllllllllllllllllllllllllllllllllllllllllllllllllllllllllllllllllllllllllllllllllllllllllllllllllllllllllllllllllllllllllllllllllllllllllllllllllllllllllllllllllllllllllllllllllllllllllllllllllllllllllllllllllllllllllllllllll
..llllllllllllllllllllllllllllllllllllllllllllllllllllllllllllllllllllllllllllllllllllllllllllllllllllllllllllllllllllllllllllllllllllllllllllllllllllllllllllllllllllllllllllllllllllllllllllllllllllllllllllllllllllllllllllllllllllllllllllllllllllllllllllllllllllllllllllllllllllllllllllllllllllllllllllllllllllllllllllllllllllllllllllllllllllllllllllllllllllllllllllllllllllll
..llllllllllllllllllllllllllllllllllllllllllllllllllllllllllllllllllllllllllllllllllllllllllllllllllllllllllllllllllllllllllllllllllllllllllllllllllllllllllllllllllllllllllllllllllllllllllllllllllllllllllllllllllllllllllllllllllllllllllllllllllllllllllllllllllllllllllllllllllllllllllllllllllllllllllllllllllllllllllllllllllllllllllllllllllllllllllllllllllllllllllllllllllllll
..llllllllllllllllllllllllllllllllllllllllllllllllllllllllllllllllllllllllllllllllllllllllllllllllllllllllllllllllllllllllllllllllllllllllllllllllllllllllllllllllllllllllllllllllllllllllllllllllllllllllllllllllllllllllllllllllllllllllllllllllllllllllllllllllllllllllllllllllllllllllllllllllllllllllllllllllllllllllllllllllllllllllllllllllllllllllllllllllllllllllllllllllllllll
..llllllllllllllllllllllllllllllllllllllllllllllllllllllllllllllllllllllllllllllllllllllllllllllllllllllllllllllllllllllllllllllllllllllllllllllllllllllllllllllllllllllllllllllllllllllllllllllllllllllllllllllllllllllllllllllllllllllllllllllllllllllllllllllllllllllllllllllllllllllllllllllllllllllllllllllllllllllllllllllllllllllllllllllllllllllllllllllllllllllllllllllllllllll
..llllllllllllllllllllllllllllllllllllllllllllllllllllllllllllllllllllllllllllllllllllllllllllllllllllllllllllllllllllllllllllllllllllllllllllllllllllllllllllllllllllllllllllllllllllllllllllllllllllllllllllllllllllllllllllllllllllllllllllllllllllllllllllllllllllllllllllllllllllllllllllllllllllllllllllllllllllllllllllllllllllllllllllllllllllllllllllllllllllllllllllllllllllll
..llllllllllllllllllllllllllllllllllllllllllllllllllllllllllllllllllllllllllllllllllllllllllllllllllllllllllllllllllllllllllllllllllllllllllllllllllllllllllllllllllllllllllllllllllllllllllllllllllllllllllllllllllllllllllllllllllllllllllllllllllllllllllllllllllllllllllllllllllllllllllllllllllllllllllllllllllllllllllllllllllllllllllllllllllllllllllllllllllllllllllllllllllllll
..llllllllllllllllllllllllllllllllllllllllllllllllllllllllllllllllllllllllllllllllllllllllllllllllllllllllllllllllllllllllllllllllllllllllllllllllllllllllllllllllllllllllllllllllllllllllllllllllllllllllllllllllllllllllllllllllllllllllllllllllllllllllllllllllllllllllllllllllllllllllllllllllllllllllllllllllllllllllllllllllllllllllllllllllllllllllllllllllllllllllllllllllllllll
..llllllllllllllllllllllllllllllllllllllllllllllllllllllllllllllllllllllllllllllllllllllllllllllllllllllllllllllllllllllllllllllllllllllllllllllllllllllllllllllllllllllllllllllllllllllllllllllllllllllllllllllllllllllllllllllllllllllllllllllllllllllllllllllllllllllllllllllllllllllllllllllllllllllllllllllllllllllllllllllllllllllllllllllllllllllllllllllllllllllllllllllllllllll
..llllllllllllllllllllllllllllllllllllllllllllllllllllllllllllllllllllllllllllllllllllllllllllllllllllllllllllllllllllllllllllllllllllllllllllllllllllllllllllllllllllllllllllllllllllllllllllllllllllllllllllllllllllllllllllllllllllllllllllllllllllllllllllllllllllllllllllllllllllllllllllllllllllllllllllllllllllllllllllllllllllllllllllllllllllllllllllllllllllllllllllllllllllll
>ot .
>d 0 cove.map
>d 1 sliders.map
>d 3 title.map
