339x116
sssssssssssssssssssssssssssssssss..................................................................................................................................................................................................................................................................................................................
ssssssssssssssssssssssssssssssssssss...ss.....sssssssssssssssssssssssssssssssssss.ss..s....s...sssssssssssssssssssssssssssssssssssssssssssss.......................................................................................................................................................................................................
sssssssssssssssssssssssssssssssssss.....ssssssssssssssss.ssssssssssssssss.........................s......................................ss........................................................................................................................................................................................................
sssssssssssssssssssssssssssssssssss......sssssss..........sssssssssss.s...........................s.....................................ss.........................................................................................................................................................................................................
sssssssssssssssssssssssssssssssssss......ssssss..llll.lll..sssss.sssss............................sss..................................ss..........................................................................................................................................................................................................
ssssssssssssssssssssssssllllsssssss......ssssss.llllllllll..........................................s.................................ss...........................................................................................................................................................................................................
lllllllsssssssssssssllllllllsssssss..........ss..lllllllll..llllllllll..............................s................................ss............................................................................................................................................................................................................
llllllllllllllllllllllllllllsssss.s......sss.ss.llllllllllllllllllllll..............................s...............................ss.............................................................................................................................................................................................................
llllllllllllllllllllllllllllsssssss......sss....lllllllllllllll.llllll..t...........................s..............................ss..............................................................................................................................................................................................................
llllllllllllllllllllllllllllsssssss.......ssssslllllllllllllllllllllllllll..........................s.............................ss...............................................................................................................................................................................................................
llllllllllllllllllllllllllllsssssss......sssssslllllllllllllllllllllll..............................s............................ss................................................................................................................................................................................................................
llllllllllllllllllllllllllllsssssss......ssssssllllllllllllllllllllll.............................sss...........................ss.................................................................................................................................................................................................................
llllllllllllllllllllllllllllsssssss.......ssssslllllllllllllllllllll.............................ss.............................s..................................................................................................................................................................................................................
llllllllllllllllllllllllllllsssssss......sssssssllllllllllllllllllll.............................s..............................ss.................................................................................................................................................................................................................
llllllllllllllllllllllllllllsssssss..3...sssssssllllllllllllllllllll.............................s...............................s.................................................................................................................................................................................................................
llllllllllllllllllllllllllllsssssss......sssssssllllllllllllllllllll.............................ss...............................ss...............................................................................................................................................................................................................
llllllllllllllllllllllllllllsssssss......sssssssllllllllllllllllllll..............................ss...............................ss..............................................................................................................................................................................................................
llllllllllllllllllllllllllllsssssss......ssssssslllllllllllllllllll................................s................................s..............................................................................................................................................................................................................
llllllllllllllllllllllllllllsssssss......ssssssslllllllllllllllllll................................s.................................ss............................................................................................................................................................................................................
llllllllllllllllllllllllllllsssssss......sssssssllllllllllllllllll.................................s..................................ss...........................................................................................................................................................................................................
llllllllllllllllllllllllllllsssssss......sssssssllllllllllllllllll.................................s...................................s...........................................................................................................................................................................................................
llllllllllllllllllllllllllllsssssss......sssssssllllllllllllllllll................................ss...................................s...........................................................................................................................................................................................................
llllllllllllllllllllllllllllsssssss......ssssssslllllllllllllllll................................sss..................................s............................................................................................................................................................................................................
llllllllllllllllllllllllllllsssssss......sssssssllllllllllllllll...................................s.................................s.............................................................................................................................................................................................................
llllllllllllllllllllllllllllsssssss......sssssssllllllllllllllll....................................s................................s.............................................................................................................................................................................................................
llllllllllllllllllllllllllllsssssss......sssssssllllllllllllllll....................................s................................s.............................................................................................................................................................................................................
llllllllllllllllllllllllllllsssssss......ssssssslllllllllllllll.....................................s................................s.............................................................................................................................................................................................................
llllllllllllllllllllllllllllsssssss......ssssssslllllllllllllll.....................................s................................s.............................................................................................................................................................................................................
llllllllllllllllllllllllllllsssssss......sssssssllllllllllllll......................................s................................s.............................................................................................................................................................................................................
llllllllllllllllllllllllllllsssssss......sssssssllllllllllll...................................ssssss................................s.............................................................................................................................................................................................................
llllllllllllllllllllllllllllsssssss......ssssssslllllllllllll....................................ss.................................ss.............................................................................................................................................................................................................
llllllllllllllllllllllllllllsssssss......ssssssslllllllllllll.....................................ss.s.............................ss..............................................................................................................................................................................................................
llllllllllllllllllllllllllllsssssss......ssssssslllllllllllll......................................s.s.............................sssssss.........................................................................................................................................................................................................
llllllllllllllllllllllllllllsssssss......ssssssslllllllllllll......................................s.s..........................sssss....s.........................................................................................................................................................................................................
lllllllllllllllllllllllllllssssssss......ssssssslllllllllllll......................................ss.s.........................ss..ssssss.........................................................................................................................................................................................................
lllllllllllllllllllllllllllssssssss......sssssssllllllllllll...........................................s.........................ss................................................................................................................................................................................................................
lllllllllllllllllllllllllllssssssss......sssssssllllllllllll............................................s.........................ss...............................................................................................................................................................................................................
lllllllllllllllllllllllllllssssssss......ssssssslllllllllllll...........................................s..........................sssssss.........................................................................................................................................................................................................
lllllllllllllllllllllllllllssssssss......ssssssslllllllllllll...........................................s.............................ss...........................................................................................................................................................................................................
lllllllllllllllllllllllllllssssssss......ssssssssllllllllllll...........................................s............................ss............................................................................................................................................................................................................
lllllllllllllllllllllllllllssssssss.......sssssssllllllllllll.........................................ss.............................s.............................................................................................................................................................................................................
lllllllllllllllllllllllllllsssssss........sssssssllllllllllll.........................................s..............................s.............................................................................................................................................................................................................
lllllllllllllllllllllllllllsssssss........sssssssllllllllllll........................................s...............................s.............................................................................................................................................................................................................
lllllllllllllllllllllllllllsssssss........ssssssslllllllllll.......................................ss................................s.............................................................................................................................................................................................................
lllllllllllllllllllllllllllsssssss........ssssssslllllllllll.......................................s.................................s.............................................................................................................................................................................................................
lllllllllllllllllllllllllllsssssss........sssssssllllllllllll.....................................s..................................ss............................................................................................................................................................................................................
lllllllllllllllllllllllllllsssssss........sssssssllllllllllllss.........................ssssssssssssssssssssssssssssssssssssssss......ssssssssssssssss.............................................................................................................................................................................................
lllllllllllllllllllllllllllsssssss........ssssssslllllllllllsss.........................ssssssssssssssssssssssssssssssssssssssss...............s...s...............................................................................................................................................................................................
lllllllllllllllllllllllllllssssss..........ssssssllllllllllssss.........................ssssssssssssssssssssssssssssssssssssssss...............sssssssssss...........................................................................................................................................................ssssssssssss..................
lllllllllllllllllllllllllllssssss..........sssssslllllllsssssss.........................ssssssssssssssssssssssssssssssssssssssss.............ssssssssssssssss........................................................................................................................................................ssssssssssss..................
llllllllllllllllllllllllllsssssss..........ssssssllllllssssssss.........................ssssssssssssssssssssssssssssssssssssssss..............s...s........................................................................................................................................ssssssss...sssssssssssssssssssssssssss..................
llllllllllllllllllllllllllsssssss..........sssssssllllssssssssss........................ssssssssssssssssssssssssssssssssssssssss...........sssssssssss....................................................sssssssssssssssssssssssssss.............................................................s...s..............ssssssssssssss................
llllllllllllllllllllllllllsssssss..........ssssssslllsssssssssssss.......................sssssssssssssssssssssssssssssssssssssss...............s.....................................ssssssss..........ssssssssssssssssssssssssssssss.............................................................s...sssssssssssssssssssssssssssss................
llllllllllllllllllllllllllsssssss..........ssssssssllsssssssssss...........................sssssssss..................ssssssssss........ssssssss......................................ssss.............ssssss......................ss.............................................................s...............sssssssssssssssss................
llllllllllllllllllllllllllssssss............sssssssssssssssss...............................ssssss....................ssssssssss..........ssss.........................................s............ssssssss.......................ss....................................ssssssssssss.............s...............sssssssssssssssss................
lllllllllllllllllllllllllsssssss............ssssssssssssssss..................................sss.....................ssssssssssssssssssss.............................................ss............ssssss........................ss..................................sss...........s............s...............sssssssssssssssss................
lllllllllllllllllllllllllsssssss............sssssssssssssss....................................s...................sssssssssssssssssssssss..............................................ss.........ssssssss....ssssssssssssssssss..ss..................................ss.............ssssssssssssssssssss........sssssssssssssssssssss............
lllllllllllllllllllllllllsssssss............ssssssssssssss.........................................................ssssssssssssssssssssss................................................s.........ssssssss....ssssssssssssssssss..ss................................sss...............sssssssssssssssssss........sssssssssssssssssssss............
llllllllllllllllllllllllsssssss..............ssssssssssss..........................................................ssssssssssssssssssss..................................................ssssssssssssssssss..o.ssssssssssssssssss..ss................................ss................................................ssssssssssssssss............
llllllllllllllllllllllllsssssss..............ssssssssssss..............................................xxxxxx...xxxsssssssssssssssssss....................................................sss.............s....ssssssssssssssssss..ss...............................ss.......................................ss........ssssssssssssssss............
llllllllllllllllllllllllssssss................sssssssssss..............................................ssssss...ssssssssssssssssssss......................................................sssssssssssssssss....ssssssssssssssssss..ssssssssssssssssssssssssssssssssss.......xx...............................ss........ssssssssssssssss............
llllllllllllllllllllllllsssss..................ssssssssss......ssssss.............................sssssssssss...ssssssssssssssssssss........................................................................o...............................................................ssxx.............................ss.....0..ssssssssssssssss............
lllllllllllllllllllllllssssss...................sssssssss.......ssss..............................sssssssssss...sssssssssssssssssss.........................................................................................................................................ssssx......ssss..ssssssssssssssssssssssssssssssssssssssssss............
lllllllllllllllllllllllssssss....................ssssssss.......ssss....................ss.....................................................................................................................xxx..xxx...............................ssssxxssssxxsssxxxsxxxsssssx.....sssss.ssssssssssssssssssssssssssssssssssssssssss............
llllllllllllllllllllllssssss......................ssssssssss....ssss....................ss................................................................................................xx...............sssssssssssssssss........................ssssssssssssssssssssssssssssssx....ssss..ssssssssssssssssssssssssssssssssssssssssss............
llllllllllllllllllllllssssss..........................sssss.....sss.............................................................................................................xx........ss...............sssssssssssssssss.oo..oo.................ssssssssssssssssss.....ssssssssx...ssss.sssssssssssssssssssssssssssssssssssssssssss............
llllllllllllllllllllllssssss...................................sss.........sssssss.................;;;.....;.;;..........................xx...............xx....................oooo......ss...............sssssssssssssssss........................sssssssssssssssss.......ssssssss...ssss..ssssssssssssssssssssssssssssssssssssssssss............
llllllllllllllllllllllssssss...................................sss.........sssssss...............ssssssssssssssssssssssssss..............ss...............ss...oo......oo.................ss................................................oo..oo..ssss....ss....ss.........sssssss...sssss.ssssssssssssssssssssssssssssssssssssssssss............
lllllllllllllllllllllllssssss................................;.sss................................sssssssssssssssssssssssss..........oo..sssssssssssssssssss..............................ss........................................xxx...............................xxxxx..................ssssssssssssssssssssssssssssssssssssssssss............
lllllllllllllllllllllllssssss...............................ssssssssss............................sssssssssssssssssssssssss..............sssssssssssssssssss..........................oo..ssssssssssssss...........................;sss....................g....g..g..sssss........g.g.g....sssssssssssssssssssssssssssssssssssssssssssssssssss....
lllllllllllllllllllllllsssssss.........................;....ssssssssss;;;.......;;;.;;;;;;;;.;;;..sssssssssssssssssssssssss..............sssssssssssssssssssxxxxxxxxxx....................sssssssssssssssssssssssssssssssssssssssssssssssssssssssssssssssssssssssssssssssssssssssssssssssssssssssssssssssssssssssssssssssssssssssssssssssssssss....
llllllllllllllllllllllllsssssss......................sssssssssssssssssssssssssssssssssssssssssssssssssssssssssssssssssssssssssssssssssssssssssssssssssssssssssssssssssx...................sssssssssssssssssssssssssssssssssssssssssssssssssssssssssssssssssssssssssssssssssssssssssssssssssssssssssssssssssssssssssssssssssssssssssssssssssssss....
llllllllllllllllllllllllssssssss.................ssssssssssssssssssssssssssssssssssssssssssssssssssssssssssssssssssssssssssssssssssssssssssssssssssssssssssssssssssssssx........oo.......xsssssssssssssssssssssssssssssssssssssssssssssssssssssssssssssssssssssssssssssssssssssssssssssssssssssssssssssssssssssssssssssssssssssssssssssssssssss....
lllllllllllllllllllllllllssssssssss..........sssssssssssssssssssssssssssssssssssssssssssssssssssssssssssssssssssssssssssssssssssssssssssssssssssssssssssssssssssssssssssx.............x.xssssssssssssssssssssssssssssssssssssssssssssssssssssssssssssssssssssssssssssssssssssssssssssssssssssssssssssssssssssssssssssssssssssssssssssssssssssss....
lllllllllllllllllllllllllssssssssssssssssssssssssssssssssssssssssssssssssssssssssssssssssssssssssssssssssssssssssssssssssssssssssssssssssssssssssssssssssssssssssssssssssx...x.......xsxsssssssssssssssssssssssssssssssssssssssssssssssssssssssssssssssssssssssssssssssssssssssssssssssssssssssssssssssssssssssssssssssssssssssssssssssssssssss....
llllllllllllllllllllllllllssssssssssssssssssssssssssssssssssssssssssssssssssssssssssssssssssssssssssssssssssssssssssssssssssssssssssssssssssssssssssssssssssssssssssssssssx.xsx...x.xssssssssssssssssssssssssssssssssssssssssssssssssssssssssssssssssssssssssssssssssssssssssssssssssssssssssssssssssssssssssssssssssssssssssssssssssssssssssss....
llllllllllllllllllllllllllllsssssssssssssssssssssssssssssssssssssslllllllllllllllllllllssssssssssssssssssssssssssssssssssssssssssssssssssssssssssssssssssssssssssssssssssssxs.s..xsxsssssssssssssssssssssssssssssssssssssssssssssssssssssssssssssssssssssssssssssssssssssssssssssssssssssssssssssssssssssssssssssssssssssssssssssssssssssssssss....
lllllllllllllllllllllllllllllllllsssssssssssssssssssssslllllllllllllllllllllllllllllllllllllllllllllllllsssssssssssssssssssssssssssssssssssssssssssssssssssssssssssssssssssss..sxssssssssssssssssssssssssssssssssssssssssssssssssssssssssssssssssssssssssssssssssssssssssssssssssssssssssssssssssssssssssssssssssssssssssssssssssssssssssssssss....
lllllllllllllllllllllllllllllllllllssssssssssssllllllllllllllllllllllllllllllllllllllllllllllllllllllllllllssssssssssssssssssssssssssssssssssssssssssssssssssssssssssssssssssssssssssssssssssssssssssssssssssssssssssssssssssssssssssssssssssssssssssssssssssssssssssssssssssssssssssssssssssssssssssssssssssssssssssssssssssssssssssssssssssss....
llllllllllllllllllllllllllllllllllllllllllllllllllllllllllllllllllllllllllllllllllllllllllllllllllllllllllllllsssssssssssssssssssssssssssssssssssssssssssssssssssssssssssssssssssssssssssssssssssssssssssssssssssssssssssssssssssssssssssssssssssssssssssssssssssssssssssssssssssssssssssssssssssssssssssssssssssssssssssssssssssssssssssssssss....
llllllllllllllllllllllllllllllllllllllllllllllllllllllllllllllllllllllllllllllllllllllllllllllllllllllllllllllllllllsssssssssssssssssssssssssssssssssssssssssssssssssssssssssssssssssssssssssssssssssssssssssssssssssssssssssssssssssssssssssssssssssssssssssssssssssssssssssssssssssssssssssssssssssssssssssssssssssssssssssssssssssssssssssss....
llllllllllllllllllllllllllllllllllllllllllllllllllllllllllllllllllllllllllllllllllllllllllllllllllllllllllllllllllllsssssssssssssssssssssssssssssssssssssssssssssssssssssssssssssssssssssssssssssssssssssssssssssssssssssssssssssssssssssssssssssssssssssssssssssssssssssssssssssssssssssssssssssssssssssssssssssssssssssssssssssssssssssssssss....
llllllllllllllllllllllllllllllllllllllllllllllllllllllllllllllllllllllllllllllllllllllllllllllllllllllllllllllllllllsssssssssssssssssssssssssssssssssssssssssssssssssssssssssssssssssssssssssssssssssssssssssssssssssssssssssssssssssssssssssssssssssssssssssssssssssssssssssssssssssssssssssssssssssssssssssssssssssssssssssssssssssssssssssss....
llllllllllllllllllllllllllllllllllllllllllllllllllllllllllllllllllllllllllllllllllllllllllllllllllllllllllllllllllllsssssssssssssssssssssssssssssssssssssssssssssssssssssssssssssssssssssssssssssssssssssssssssssssssssssssssssssssssssssssssssssssssssssssssssssssssssssssssssssssssssssssssssssssssssssssssssssssssssssssssssssssssssssssssss....
llllllllllllllllllllllllllllllllllllllllllllllllllllllllllllllllllllllllllllllllllllllllllllllllllllllllllllllllllllsssssssssssssssssssssssssssssssssssssssssssssssssssssssssssssssssssssssssssssssssssssssssssssssssssssssssssssssssssssssssssssssssssssssssssssssssssssssssssssssssssssssssssssssssssssssssssssssssssssssssssssssssssssssssss....
llllllllllllllllllllllllllllllllllllllllllllllllllllllllllllllllllllllllllllllllllllllllllllllllllllllllllllllllllllsssssssssssssssssssssssssssssssssssssssssssssssssssssssssssssssssssssssssssssssssssssssssssssssssssssssssssssssssssssssssssssssssssssssssssssssssssssssssssssssssssssssssssssssssssssssssssssssssssssssssssssssssssssssssss....
llllllllllllllllllllllllllllllllllllllllllllllllllllllllllllllllllllllllllllllllllllllllllllllllllllllllllllllllllllsssssssssssssssssssssssssssssssssssssssssssssssssssssssssssssssssssssssssssssssssssssssssssssssssssssssssssssssssssssssssssssssssssssssssssssssssssssssssssssssssssssssssssssssssssssssssssssssssssssssssssssssssssssssssss....
llllllllllllllllllllllllllllllllllllllllllllllllllllllllllllllllllllllllllllllllllllllllllllllllllllllllllllllllllllssssssssssssssssssssssssssssssssssssssssssssssssssssssssssssssssssssssssssssssssssssssssssssssssssssssssssssssssssssssssssssssssssssssssssssssssssssssssssssssssssssssssssssssssssssssssssssssssssssssssssssssssssssssssss.....
llllllllllllllllllllllllllllllllllllllllllllllllllllllllllllllllllllllllllllllllllllllllllllllllllllllllllllllllllllssssssssssssssssssssssssssssssssssssssssssssssssssssssssssssssssssssssssssssssssssssssssssssssssssssssssssssssssssssssssssssssssssssssssssssssssssssssssssssssssssssssssssssssssssssssssssssssssssssssssssssssssssssssss.......
llllllllllllllllllllllllllllllllllllllllllllllllllllllllllllllllllllllllllllllllllllllllllllllllllllllllllllllllllllsssssssssssssssssssssssssssssssssssssssssssssssssssssssssssssssssssssssssssssssssssssssssssssssssssssssssssssssssssssssssssssssssssssssssssssssssssssssssssssssssssssssssssssssssssssssssssssssssssssssssssssssssssssss........
lllllllllllllllllllllllllllllllllllllllllllllllllllllllllllllllllllllllllllllllllllllllllllllllllllllllllllll.......sssssssssssssssssssssssssssssssssssssssssssssssssssssssssssssssssssssssssssssssssssssssssssssssssssssssssssssssssssssssssssssssssssssssssssssssssssssssssssssssssssssssssssssssssssssssssssssssssssssssssssssssssssssss........
lllllllllllllllllllllllllllllllllllllllllllllllllllllllllllllllllllllllllllllllllllllllllllllllllllllllllll.........sssssssssssssssssssssssssssssssssssssssssssssssssssssssssssssssssssssssssssssssssssssssssssssssssssssssssssssssssssssssssssssssssssssssssssssssssssssssssssssssssssssssssssssssssssssssssssssssssssssssssssssssssssss..........
lllllllllllllllllllllllllllllllllllllllllllllllllllllllllllllllllllllllllllllllllllllllllllllllllllllllllll.........sssssssssssssssssssssssssssssssssssssssssssssssssssssssssssssssssssssssssssssssssssssssssssssssssssssssssssssssssssssssssssssssssssssssssssssssssssssssssssssssssssssssssssssssssssssssssssssssssssssssssssssssssss............
llllllllllllllllllllllllllllllllllllllllllllllllllllllllllllllllllllllllllllllllllllllllllllllllllllllllll..........ssssssssssssssssssssssssssssssssssssssssssssssssssssssssssssssssssssssssssssssssssssssssssssssssssssssssssssssssssssssssssssssssssssssssssssssssssssssssssssssssssssssssssssssssssssssssssssssssssssssssssssssssss.............
llllllllllllllllllllllllllllllllllllllllllllllllllllllllllllllllllllllllllllllllllllllllllllllllllllllllll..........sssssssssssssssssssssssssssssssssssssssssssssssssssssssssssssssssssssssssssssssssssssssssssssssssssssssssssssssssssssssssssssssssssssssssssssssssssssssssssssssssssssssssssssssssssssssssssssssssssssssssssssssss..............
llllllllllllllllllllllllllllllllllllllllllllllllllllllllllllllllllllllllllllllllllllllllllllllllllllllllll..........ssssssssssssssssssssssssssssssssssssssssssssssssssssssssssssssssssssssssssssssssssssssssssssssssssssssssssssssssssssssssssssssssssssssssssssssssssssssssssssssssssssssssssssssssssssssssssssssssssssssssssssssss...............
.lllllllllllllllllllllllllllllllllllllllllllllllllllllllllllllllllllllllllllllllllllllllllllllllllllllllll..........sssssssssssssssssssssssssssssssssssssssssssssssssssssssssssssssssssssssssssssssssssssssssssssssssssssssssssssssssssssssssssssssssssssssssssssssssssssssssssssssssssssssssssssssssssssssssssssssssssssssssssssss................
..lllllllllllllllllllllllllllllllllllllllllllllllllllllllllllllllllllllllllllllllllllllllllllllllllllllll.............................................ssssssssssssssssssssssssssssssssssssssssssssssssssssssssssssssssssssssssssssssssssssssssssssssssssssssssssssssssssssssssssssssssssssssssssssssssssssssssssssssssssssssssssss.................
...........llllllllllllllllllllllllllllllllllllllllllllllllllllllllllllllllllllllllllllllllllllllllllll................................................sssssssssssssssssssssssssssssssssssssssssssssssssssssssssssssss................................................................................sssssssssssssssssssssssssss..................
............llllllllllllllllllllllllllllllllllllllllllllllllllllllllllllllllllllllllllllllllllllll......................................................ssssssssssssssssssssssssssssssssssssssssssssssssssssssssssssss.................................................................................sssssssssssssssssssssssss...................
................lllllllllllllllllllllllllllllllllllllllllllllllllllllllllllllllllllllllllllllll..........................................................sssssssssssssssssssssssssssssssssssssssssssssssssssssssssss....................................................................................sssssssssssssssssssssss....................
................llllllllllllllllllllllllllllllllllllllllllllllllllllllllllllllllllllllllllllll............................................................sssssssssssssssssssssssssssssssssssssssssssssssssssssssss................................................................................................................................
................llllllllll.lllllllllllllllllllllllllllllllll......lllllllllllllllllllllllllll..............................................................ssssssssssssssssssssssssssssssssssssssssssssssssssssssss................................................................................................................................
.............................lllllllllllllllllllllllllllllll......lllllllllll...............................................................................sssssssssssssssssssssssssssssssssssssssssssssssssssss..................................................................................................................................
..............................llllllllllllllllllllllllllll........llllllllll.................................................................................sssssssssssssssssssssssssssssssssssssssssssssssssss...................................................................................................................................
..............................lllllllllllllllllllllllll.......................................................................................................ssssssssssssssssssssssssssssssssssssssssssssssssss...................................................................................................................................
..............................llllllllll.......................................................................................................................sssssssssssssssssssssssssssssssssssssssssssssss.....................................................................................................................................
...................................................................................................................................................................................................................................................................................................................................................
...................................................................................................................................................................................................................................................................................................................................................
...................................................................................................................................................................................................................................................................................................................................................
...................................................................................................................................................................................................................................................................................................................................................
...................................................................................................................................................................................................................................................................................................................................................
...................................................................................................................................................................................................................................................................................................................................................
...................................................................................................................................................................................................................................................................................................................................................
...................................................................................................................................................................................................................................................................................................................................................
...................................................................................................................................................................................................................................................................................................................................................
.ot .
.d 0 cove.map
.d 3 title.map
