200x200
sssssssssssssssssssssssssssssssss.......................................................................................................................................................................
ssssssssssssssssssssssssssssssssss............sssssssssssssssssssssss...................................................................................................................................
sssssssssssssssssssssssssssssssssss......ssssssssssssssssssssssssssss...................................................................................................................................
sssssssssssssssssssssssssssssssssss......ssssssssssssssssssssssssssss...................................................................................................................................
sssssssssssssssssssssssssssssssssss......ssssssslllllllllssssssssssss...................................................................................................................................
ssssssssssssssssssssssssllllsssssss......sssssslllllllllllsssssssssss...................................................................................................................................
lllllllsssssssssssssllllllllsssssss......sssssslllllllllllllllllllllll..................................................................................................................................
llllllllllllllllllllllllllllsssssss......sssssslllllllllllllllllllllll..................................................................................................................................
llllllllllllllllllllllllllllsssssss......sssssslllllllllllllllllllllll..................................................................................................................................
llllllllllllllllllllllllllllsssssss......sssssslllllllllllllllllllllll..................................................................................................................................
llllllllllllllllllllllllllllsssssss......sssssslllllllllllllllllllllll..................................................................................................................................
llllllllllllllllllllllllllllsssssss......ssssssllllllllllllllllllllll...................................................................................................................................
llllllllllllllllllllllllllllsssssss......sssssslllllllllllllllllllll....................................................................................................................................
llllllllllllllllllllllllllllsssssss......sssssssllllllllllllllllllll....................................................................................................................................
llllllllllllllllllllllllllllsssssss......sssssssllllllllllllllllllll....................................................................................................................................
llllllllllllllllllllllllllllsssssss......sssssssllllllllllllllllllll....................................................................................................................................
llllllllllllllllllllllllllllsssssss......sssssssllllllllllllllllllll....................................................................................................................................
llllllllllllllllllllllllllllsssssss......ssssssslllllllllllllllllll.....................................................................................................................................
llllllllllllllllllllllllllllsssssss......ssssssslllllllllllllllllll.....................................................................................................................................
llllllllllllllllllllllllllllsssssss......sssssssllllllllllllllllll......................................................................................................................................
llllllllllllllllllllllllllllsssssss...p..sssssssllllllllllllllllll......................................................................................................................................
llllllllllllllllllllllllllllsssssss......sssssssllllllllllllllllll......................................................................................................................................
llllllllllllllllllllllllllllsssssss......ssssssslllllllllllllllll.......................................................................................................................................
llllllllllllllllllllllllllllsssssss......sssssssllllllllllllllll........................................................................................................................................
llllllllllllllllllllllllllllsssssss......sssssssllllllllllllllll........................................................................................................................................
llllllllllllllllllllllllllllsssssss......sssssssllllllllllllllll........................................................................................................................................
llllllllllllllllllllllllllllsssssss......ssssssslllllllllllllll.........................................................................................................................................
llllllllllllllllllllllllllllsssssss......ssssssslllllllllllllll.........................................................................................................................................
llllllllllllllllllllllllllllsssssss......sssssssllllllllllllll..........................................................................................................................................
llllllllllllllllllllllllllllsssssss......ssssssslllllllllllll...........................................................................................................................................
llllllllllllllllllllllllllllsssssss......ssssssslllllllllllll...........................................................................................................................................
llllllllllllllllllllllllllllsssssss......ssssssslllllllllllll...........................................................................................................................................
llllllllllllllllllllllllllllsssssss......ssssssslllllllllllll...........................................................................................................................................
llllllllllllllllllllllllllllsssssss......ssssssslllllllllllll...........................................................................................................................................
lllllllllllllllllllllllllllssssssss......ssssssslllllllllllll...........................................................................................................................................
lllllllllllllllllllllllllllssssssss......sssssssllllllllllll............................................................................................................................................
lllllllllllllllllllllllllllssssssss......sssssssllllllllllll............................................................................................................................................
lllllllllllllllllllllllllllssssssss......ssssssslllllllllllll...........................................................................................................................................
lllllllllllllllllllllllllllssssssss......ssssssslllllllllllll...........................................................................................................................................
lllllllllllllllllllllllllllssssssss......ssssssssllllllllllll...........................................................................................................................................
lllllllllllllllllllllllllllssssssss.......sssssssllllllllllll...........................................................................................................................................
lllllllllllllllllllllllllllsssssss........sssssssllllllllllll...........................................................................................................................................
lllllllllllllllllllllllllllsssssss........sssssssllllllllllll...........................................................................................................................................
lllllllllllllllllllllllllllsssssss........ssssssslllllllllll............................................................................................................................................
lllllllllllllllllllllllllllsssssss........ssssssslllllllllll............................................................................................................................................
lllllllllllllllllllllllllllsssssss........sssssssllllllllllll...........................................................................................................................................
lllllllllllllllllllllllllllsssssss........sssssssllllllllllllss.........................................................................................................................................
lllllllllllllllllllllllllllsssssss........ssssssslllllllllllsss.........................................................................................................................................
lllllllllllllllllllllllllllssssss..........ssssssllllllllllssss.........................................................................................................................................
lllllllllllllllllllllllllllssssss..........sssssslllllllsssssss.........................................................................................................................................
llllllllllllllllllllllllllsssssss..........ssssssllllllssssssss.........................................................................................................................................
llllllllllllllllllllllllllsssssss..........sssssssllllssssssssss...........................sssssssssssssssssssssssssssssss..............................................................................
llllllllllllllllllllllllllsssssss..........ssssssslllsssssssssssss.........................sssssssssssssssssssssssssssssss..............................................................................
llllllllllllllllllllllllllsssssss..........ssssssssllsssssssssss...........................sssssssss..................ssss..............................................................................
llllllllllllllllllllllllllssssss............sssssssssssssssss...............................ssssss....................ssss..............................................................................
lllllllllllllllllllllllllsssssss............ssssssssssssssss..................................sss.....................ssss..............................................................................
lllllllllllllllllllllllllsssssss............sssssssssssssss....................................s.............o.....sssssss..............................................................................
lllllllllllllllllllllllllsssssss............ssssssssssssss.........................................................sssssss..............................................................................
llllllllllllllllllllllllsssssss..............ssssssssssss..........................................o...............sssssss..............................................................................
llllllllllllllllllllllllsssssss..............ssssssssssss...............................................xxxxxx..xxxsssssss..............................................................................
llllllllllllllllllllllllssssss................sssssssssss........p.....................................sssssss..ssssssssss..............................................................................
llllllllllllllllllllllllsssss..................ssssssssss......ssssss.................................ssssssss..sssss...................................................................................
lllllllllllllllllllllllssssss...................sssssssss.......ssss..............................ssssssssssss..sssss...................................................................................
lllllllllllllllllllllllssssss....................ssssssss.......ssss....................ss..............................................................................................................
llllllllllllllllllllllssssss......................ssssssssss....ssss....................ss..............................................................................................................
llllllllllllllllllllllssssss..........................sssss.....sss.....................................................................................................................................
llllllllllllllllllllllssssss...................................sss.........sssssss.................;;;.....;.;;.........................................................................................
llllllllllllllllllllllssssss...................................sss.........sssssss...............sssssssssssssssssss....................................................................................
lllllllllllllllllllllllssssss................................;.sss................................ssssssssssssssssss....................................................................................
lllllllllllllllllllllllssssss...............................ssssssssss............................ssssssssssssssssss....................................................................................
lllllllllllllllllllllllsssssss.........................;....ssssssssss;;;.......;;;.;;;;;;;;.;;;..ssssssssssssssssss....................................................................................
llllllllllllllllllllllllsssssss......................sssssssssssssssssssssssssssssssssssssssssssssssssssssssssssssss....................................................................................
llllllllllllllllllllllllssssssss.................sssssssssssssssssssssssssssssssssssssssssssssssssssssssssssssssssss....................................................................................
lllllllllllllllllllllllllssssssssss..........sssssssssssssssssssssssssssssssssssssssssssssssssssssssssssssssssssssss....................................................................................
lllllllllllllllllllllllllsssssssssssssssssssssssssssssssssssssssssssssssssssssssssssssssssssssssssssssssssssssssssss....................................................................................
llllllllllllllllllllllllllssssssssssssssssssssssssssssssssssssssssssssssssssssssssssssssssssssssssssssssssssssssssss....................................................................................
llllllllllllllllllllllllllllsssssssssssssssssssssssssssssssssssssslllllllllllllllllllllsssssssssssssssssssssssssssss....................................................................................
lllllllllllllllllllllllllllllllllsssssssssssssssssssssslllllllllllllllllllllllllllllllllllllllllllllllllssssssssssss....................................................................................
lllllllllllllllllllllllllllllllllllssssssssssssllllllllllllllllllllllllllllllllllllllllllllllllllllllllllllssssssss.....................................................................................
llllllllllllllllllllllllllllllllllllllllllllllllllllllllllllllllllllllllllllllllllllllllllllllllllllllllllllllssss......................................................................................
llllllllllllllllllllllllllllllllllllllllllllllllllllllllllllllllllllllllllllllllllllllllllllllllllllllllllllllllllll....................................................................................
lllllllllllllllllllllllllllllllllllllllllllllllllllllllllllllllllllllllllllllllllllllllllllllllllllllllllllllllllllll...................................................................................
lllllllllllllllllllllllllllllllllllllllllllllllllllllllllllllllllllllllllllllllllllllllllllllllllllllllllllllllllllll...................................................................................
lllllllllllllllllllllllllllllllllllllllllllllllllllllllllllllllllllllllllllllllllllllllllllllllllllllllllllllllllllll...................................................................................
lllllllllllllllllllllllllllllllllllllllllllllllllllllllllllllllllllllllllllllllllllllllllllllllllllllllllllllllllllll...................................................................................
lllllllllllllllllllllllllllllllllllllllllllllllllllllllllllllllllllllllllllllllllllllllllllllllllllllllllllllllllllll...................................................................................
lllllllllllllllllllllllllllllllllllllllllllllllllllllllllllllllllllllllllllllllllllllllllllllllllllllllllllllllllllll...................................................................................
lllllllllllllllllllllllllllllllllllllllllllllllllllllllllllllllllllllllllllllllllllllllllllllllllllllllllllllllllllll...................................................................................
lllllllllllllllllllllllllllllllllllllllllllllllllllllllllllllllllllllllllllllllllllllllllllllllllllllllllllllllllllll...................................................................................
lllllllllllllllllllllllllllllllllllllllllllllllllllllllllllllllllllllllllllllllllllllllllllllllllllllllllllllllllllll...................................................................................
lllllllllllllllllllllllllllllllllllllllllllllllllllllllllllllllllllllllllllllllllllllllllllllllllllllllllllll...........................................................................................
lllllllllllllllllllllllllllllllllllllllllllllllllllllllllllllllllllllllllllllllllllllllllllllllllllllllllll.............................................................................................
lllllllllllllllllllllllllllllllllllllllllllllllllllllllllllllllllllllllllllllllllllllllllllllllllllllllllll.............................................................................................
llllllllllllllllllllllllllllllllllllllllllllllllllllllllllllllllllllllllllllllllllllllllllllllllllllllllll..............................................................................................
llllllllllllllllllllllllllllllllllllllllllllllllllllllllllllllllllllllllllllllllllllllllllllllllllllllllll..............................................................................................
llllllllllllllllllllllllllllllllllllllllllllllllllllllllllllllllllllllllllllllllllllllllllllllllllllllllll..............................................................................................
.lllllllllllllllllllllllllllllllllllllllllllllllllllllllllllllllllllllllllllllllllllllllllllllllllllllllll..............................................................................................
..lllllllllllllllllllllllllllllllllllllllllllllllllllllllllllllllllllllllllllllllllllllllllllllllllllllll...............................................................................................
...........llllllllllllllllllllllllllllllllllllllllllllllllllllllllllllllllllllllllllllllllllllllllllll.................................................................................................
............llllllllllllllllllllllllllllllllllllllllllllllllllllllllllllllllllllllllllllllllllllll......................................................................................................
................lllllllllllllllllllllllllllllllllllllllllllllllllllllllllllllllllllllllllllllll.........................................................................................................
................llllllllllllllllllllllllllllllllllllllllllllllllllllllllllllllllllllllllllllll..........................................................................................................
................llllllllll.lllllllllllllllllllllllllllllllll......lllllllllllllllllllllllllll...........................................................................................................
.............................lllllllllllllllllllllllllllllll......lllllllllll...........................................................................................................................
..............................llllllllllllllllllllllllllll........llllllllll............................................................................................................................
..............................lllllllllllllllllllllllll.................................................................................................................................................
..............................llllllllll................................................................................................................................................................
........................................................................................................................................................................................................
........................................................................................................................................................................................................
........................................................................................................................................................................................................
........................................................................................................................................................................................................
........................................................................................................................................................................................................
........................................................................................................................................................................................................
........................................................................................................................................................................................................
........................................................................................................................................................................................................
........................................................................................................................................................................................................
........................................................................................................................................................................................................
........................................................................................................................................................................................................
........................................................................................................................................................................................................
........................................................................................................................................................................................................
........................................................................................................................................................................................................
........................................................................................................................................................................................................
........................................................................................................................................................................................................
........................................................................................................................................................................................................
........................................................................................................................................................................................................
........................................................................................................................................................................................................
........................................................................................................................................................................................................
........................................................................................................................................................................................................
........................................................................................................................................................................................................
........................................................................................................................................................................................................
........................................................................................................................................................................................................
........................................................................................................................................................................................................
........................................................................................................................................................................................................
........................................................................................................................................................................................................
........................................................................................................................................................................................................
........................................................................................................................................................................................................
........................................................................................................................................................................................................
........................................................................................................................................................................................................
........................................................................................................................................................................................................
........................................................................................................................................................................................................
........................................................................................................................................................................................................
........................................................................................................................................................................................................
........................................................................................................................................................................................................
........................................................................................................................................................................................................
........................................................................................................................................................................................................
........................................................................................................................................................................................................
........................................................................................................................................................................................................
........................................................................................................................................................................................................
........................................................................................................................................................................................................
........................................................................................................................................................................................................
........................................................................................................................................................................................................
........................................................................................................................................................................................................
........................................................................................................................................................................................................
........................................................................................................................................................................................................
........................................................................................................................................................................................................
........................................................................................................................................................................................................
........................................................................................................................................................................................................
........................................................................................................................................................................................................
........................................................................................................................................................................................................
........................................................................................................................................................................................................
........................................................................................................................................................................................................
........................................................................................................................................................................................................
........................................................................................................................................................................................................
........................................................................................................................................................................................................
........................................................................................................................................................................................................
........................................................................................................................................................................................................
........................................................................................................................................................................................................
........................................................................................................................................................................................................
........................................................................................................................................................................................................
........................................................................................................................................................................................................
........................................................................................................................................................................................................
........................................................................................................................................................................................................
........................................................................................................................................................................................................
........................................................................................................................................................................................................
........................................................................................................................................................................................................
........................................................................................................................................................................................................
........................................................................................................................................................................................................
........................................................................................................................................................................................................
........................................................................................................................................................................................................
........................................................................................................................................................................................................
........................................................................................................................................................................................................
........................................................................................................................................................................................................
........................................................................................................................................................................................................
........................................................................................................................................................................................................
........................................................................................................................................................................................................
........................................................................................................................................................................................................
........................................................................................................................................................................................................
........................................................................................................................................................................................................
........................................................................................................................................................................................................
........................................................................................................................................................................................................
........................................................................................................................................................................................................
........................................................................................................................................................................................................
........................................................................................................................................................................................................
........................................................................................................................................................................................................
........................................................................................................................................................................................................
........................................................................................................................................................................................................
........................................................................................................................................................................................................
........................................................................................................................................................................................................
........................................................................................................................................................................................................
........................................................................................................................................................................................................
.ot .
