lllllllljlljjjjjljljljllllllllllllllllllllllllll|lll
lllljlljjjjjjjjjjjjjjjjlllll...................|||||
ljjjjjjlllssjjjjjjjjjjjjjll....................|||||
lljljjsllsssjjjjjjjjjjjjjl|....................|||||
.ll..ss.;;;||...pppp....jj|....................|||||
ll......;l;;||..tttt.....l|.......s.......sxssss||||
l...3.oo;||;||..gggg......|................o...sss||
....ooox;;;x....gggg......|s............s........s||
....o.xx;;......vvvv......|.......................ss
....oxx;;;................|........................s
....ox;;;;.........;;;l...|......s..................
.....;.;;.ssssss..|.;;;..l|.........s.........s.....
....;;.;....l.....;;;.....|.........................
.....;.;.........;;.......|..x.........s............
...l...........l.;;l.....l|..s....s........s........
.........j......;;;;....ll|.........................
.....l..........;;;......||...................s.....
........lj...l.......;...||............s..........s.
l........j.j....l..;;....||...s.....s...............
...l..l....j.......;.l...||...............x.........
jjj.......j........l...l..|..............x.x....s...
jjj.....l..j....l.;|......|....s..........x.........
jjj.sl....jjxl...;;;......|.......s....s............
jjj....s..jj.....;|;......|..................s......
.....s.....j......l;..l...|.s.......................
.;;;......sj..s..;;;;.....|.......................s.
.;;;........s.....;;......|.......s...s.............
.;;;;.....s.......;;;.....|.........................
.;..;;s......j....;l;.;l..|................s..s.....
..;l;;...jjjjj....;;;.;...|..s......................
...;;;;.jjjjjjj..l;;;;;..||........s....s...........
s...;;;jjj.jjjjj..;;;;;..|j.......................s.
.s...;;jjjjj.jjjj..|;....|jj.....s.........s........
.ss...jjjjj.jjjj.j..;;...o.j.........s.......j......
.;ss..j..j.jjjjjjj..;...oo.j........................
.;.ss..;;....j.jj.j....oo....s..........s.....j.s...
.;;.ss.;;;.j.jj..j..jj.oxo..........................
s;;..ss.;;;.....jjo..joo.o........s......jjjs...jj..
.;;...sss;;;;;o......ooo......jj...jjjjjjj..s.j.....
.;......ssoooooooooooo.ooo...jjj.s.j..ssssssssssssss
..s.s.......sss............s..jj.ssssss.............
...s..s....ss..........ssssssssss...................
...s...ss......s.ss..........s......................
xx.x.x..x.x..x..x.x.x.x.xx.xx.x.xx.x.xxxxxxxxxxxxxxx
xxxxxxxxxxx.xxxxxxx.xxxxxxxxxxxxxxxxx.xx.xx.xxx.xxtT
....................................................
.........s..........................................
..T......s..........................................
.........s..........................................
..........s.........................................
..........s.........................................
..........s.........................................
..........ss........................................
...........s........................................
...........s........................................
...........s........................................
...........ss.......................................
....................................................
.......T....s.......................................
............s.......................................
.............s......................................
....................................................
.............s......................................
.............s...............................T......
.............ss.....................................
..............s.....................................
..............s........T.........T..................
..............s.....................................
..............s.....................................
..............s.....................................
>d 3 cool.map
>ot l
