............................................................................................................................................................................................lllllllllllllllllllllllllllllllllllllllllllllllllllllllllllllllllllllllllllllllllllllllllllllllllllllllllllllllll:lll:lllllllllllllllllllllllllllllllllllllllll
............................................................................................................................................................................................lllllllllllllllllllllllllllllllllllllllllllllllllllllllllllllllllllllllllllllllllllllllllllllllllllllllllllllllllllllllllllllllllllllllllllllllllllllllllllllll
............................................................................................................................................................................................lllllllllllllllllllllllllllllllllllllllllllllllllllllllllllllllllllllllllllllllllllllllllllllllllllllllllllllllllllllllllllllllllllllllllllllllllllllllllllllll
............................................................................................................................................................................................lllllllllllllllllllllllllllllllllllllllllllllllllllllllllllllllllllllllllllllllllllllllllllllllllllllllllllllll::::::llllllllllllllllllllllllllllllllllllllllll
............................................................................................................................................................................................lllllllllllllllllllllllllllllllllllllllllllllllllllllllllllllllllllllllllllllllllllllllllllllllllllllllllllllllllllll::llllllllllllllllllllllllllllllllllllllll
............................................................................................................................................................................................llllllllllllllllllllllllllllllllllllllllllllllllllllllllllllllllllllllllllllllllllllllllllllllllllllllllllllllllllllll::lllllllllllllllllllllllllllllllllllllll
............................................................................................................................................................................................llllllllllllllllllllllllllllllllllllllllllllllllllllllllllllllllllllllllllllllllllllllll.lllllllllllllllllllllllll::::::lllllllllllllllllllllllllllllllllllllll
............................................................................................................................................................................................llllllllllllllllllllllllllllllllllllllllllllllllllllllllllllllllllllllllllllllllllllllllllllllxllllllllll..l..lllllllllllllllllllllllllllllllllllllllllllllllll
............................................................................................................................................................................................llllllllllllllllllllllllllllllllllllllllllllllllllllllllllllllllllllllllddddlllllllllll.l.....lll......l......l.l.ll.llllllllllllllllllllllllllllllllllllllllll
............................................................................................................................................................................................llllllllllllllllllllllllllllllllllllllllllllllllllllllllllllllllllllllld.lll..llllllll........l......................xxllllllllllllllllllllllllllllllllllllllll
............................................................................................................................................................................................lllllllllllllllllllllllllllllllllllllllllllllllllllllllllllllllllllllld.l.lll.llllll........lx..................C...xllllllllllllllllllllllllllllllllllllllllll
............................................................................................................................................................................................llllllllllllllllllllllllllllllllllllllllllllllllllllllllllllllllllllld.lll.ll.lllll...:......l....xx..........l.l..xlllllllllllllllllllllllllllllllllllllllllll
............................................................................................................................................................................................lllllllllllllllllllllllllllllllllllllllllllllllllllllllllllllllllllll.llllll..lllll...ll:x..::::llll:l.l.....::.l:xllllllllllllllllllllllllllllllllllllllllllll
............................................................................................................................................................................................lllllllllllllllllllllllllllllllllllllllllllllllllllllllllllllllllllld.lllll.l.lllll....lllllllllllllllll....lllllllllllllllllllllllllllllllllllllllllllllllllll
............................................................................................................................................................................................llllllllllllllllllllllllllllllllllllllllllllllllllllllllllllllllllll..llllll..lllll.....l:llllllllllllll.....llllllllllllllllllllllllllllllllllllllllllllllllll
............................................................................................................................................................................................lllllllllllllllllllllllllllllllllllllllllllllllllllllllllllllllddddd..llll...llllx.x.....lllllllssssslsl.....lsssssssssssssssssssssssssssssssssssssssssssssssss
............................................................................................................................................................................................lllllllllllllllllllllllllllllllllllllllllllllllllllllllllllllld..lllll.l...lllllll.l....:llllllsssssssls.....ssssssssssssssssssssssssssssssssssssssssssssssssss
............................................................................................................................................................................................llllllllllllllllllllllllllllllllllllllllllllllllllllllllllllllll...lll.ll.llllllllx.....llllllsss..............................bb..........+++.....+++++.....ss
............................................................................................................................................................................................llllllllllllllllllllllllllllllllllllllllllllllllllllllllllllllllll....ll.llllllllll:.....llllsss...............................bb.....p.+++...+++++.....++++.ss
............................................................................................................................................................................................lllllllllllllllllllllllllllllllllllllllllllllllllllllllllllllll.llll..l..lllllll.llll....llllss................................bb.....sssssssssssssssssssss.+ss
..............W.............................................................................................................................................................................llllllllllllllllllllllllllllllllllllllllllllllllllllllllllllllllllllll..llllllllllll.......llss................................bb.....sssssssssssssssssssss.+ss
.............WWW............................................................................................................................................................................llllllllllllllllllllllllllllllllllllllllllllllllllllllllllllll.lllllll..lllllllllll........llss....S...........................bb.....ssllllllsssssssssssss.+ss
............WWWWW...........................................................................................................................................................................llllllllllllllllllllllllllllllllllllllllllllllllllllllllllllllllll.ll..llllllddl.ll.......:llss................................bb.....ssllllllsssssssssssss.+ss
.........W.WWWWWWW.W........................................................................................................................................................................llllllllllllllllllllllllllllllllllllllllllllllllllllllllllllllllllll..lllllll..l..........lllss:.g:::...::g:...;;;;S.g;;..;;;:.bb..;;;ssllllllss...+++..sss.+ss
.........WWWWWWWWWWW........................................................................................................................................................................lllllllllllllllllllllllllllllllllllllllllllllllllllllllllllllllllllllllll.................lllsssssssssssssssssssssssssssssssssssssssssssllllllss..+...+.sss+.ss
...........WwwwwwW..........................................................................................................................................................................lllllllllllllllllllllllllllllllllllllllllllllllllllllllllllllllllllllll.................:.lllsssssssssssssssssssssssssssssssssssssssssssllllllss.+.sss.++..+.ss
...........wwwwwww..........................................................................................................................................................................llllllllllllllllllllllllllllllllllllllllllllllllllllllllllllllllllllll..............C.lllxllllllllllllllllllllllllllllllllllllllllllllllllllllss.0.sss...++..ss
...........wwwwwww..........................................................................................................................................................................llllllllllllllllllllllllllllllllllllllllllllllllllllllllllllllllllll................l.llllllllllllllllllllllllllllllllllllllllllllllllllllllllsssssssssssssssss
...........WWWWWWW..........................................................................................................................................................................lllllllllllllllllllllllllllllllllllllllllllllllllllllllllll.lllllll.............:..lllllllllllllllllllllllllllllllllllllllllllllllllllllllllllsssssssssssssssss
...........WwwwwwW..........................................................................................................................................................................llllllllllllllllllllllllllllllllllllllllllllllllllllllllllllll..l...............l.llll:llllllllllllllllllllllllllllllllllllllllllllllllllllllllllllllllllllllll
...........wwwwwww..........................................................................................................................................................................lllllllllllllllllllllllllllllllllllllllllllllllllllllllllllll..........C.:llx.xllxlllllllllllllllllllllllllllllllllllllllllllllllllllllllllXXllllllllllllllllll
...........wwwwwww..........................................................................................................................................................................lllllllllllllllllllllllllllllllllllllllllldddddddddddddddlll........lxll.lllllll.lllllllllllllllllllllllllllllllllllllllllllllllllllllllllXlllXllXlXlllllllllll
.....S.....WWWWWWW.................................................;;;;.....................................................................................................................llllllllllllllllllllllllllllllllllllllllll.......................lxlllll:lllllll.llllllllllllllllllllllllllllllllllllllllllllllllllllllllllXllllXllXlXlllllllll
...........WwwwwwW...........WWWWWWWWWWWWWWWW............WWWWWWWWWWWWWWW..............................................................................................+++...................llllllllllllllllllllllllllllllllllllllllll..................:::xlll.lllll:llllllxlllllllllllllllllllllllllllllllllllllllllllllllllllllllllllXlXlXllXXllllllllll
...........wwwwwww............WwwwwW..WwwwwW..............WwwwwwWwwwwwW..............................................................................................+WWW+............t.....llllllllllllllllllllllllllllllllllllllllll..{ooxxxooxxxoollllllllll:llllllllllllllllllllllllllllllllllllllllllllllllllllllllllllllllllllllXXllXllXlXlXlllllllll
::::.;..;..wwwwwww;...........ww##ww..ww##ww..............ww##wwww##www.............................................................................................+WWWWW+........llllllll.llllllllllllllllllllllllllllllllllllllllll..{llllllllllllllllllllllllllllllllllllllllllllllllllllllllllllllllllllllllllllllllllllllllllllllllllllllllllllllllll
llLLlLLlLlLWWWWWWWLLLLLLL;;;;.wwwwww.;wwwwww;;;.......;...wwwwwwwwwwwww................WWWWWWWWWWWW..................................................+++++..........WWWWWWW......lllllllllllllllllllllllllllllllllllllllllllllllllllll..{llllllllllllllllllllllllllllllllllllllllllllllllllllllllllllllllllllllllllllllllllllllllllllllllllllllllllllllllll
lllllllllllllllllllllllllLLLLLWWWWWWLLWWWWWWLLLLLLLLLLLLLLWWWWWWWWWWWWW;;;;.............WwwwwwwwwW.................................................++.....++.........WwwwW......llllllllllllllllllllllllllllllllllllllllllllllllllllll..{llllllllllllllllllllllllllllllllllllllllllllllllllllllllllllllllllllllllllllllllllllllllllllllllllllllllllllllllll
lllllllllllllllllllllllllllllllllllllllllllllllllllllllllllllllllllllllLLLLLLLLLLL.;....ww##ww##ww................................................+.........+........wwwww....llllllllllllllllllllllllllllllllllllllllllllllllllllllll...llllllllllllllllllllllllllllllllllllllllllllllllllllllllllllllllllllllllllllllllllllllllllllllllllllllllllllllllll
llllllllllllllllllllllllllllllllllllllllllllllllllllllllllllllllllllllllllllllllllLL.;..wwwwwwwwww....;;;;.......;;;...;;;........;.............p+...........+.......wwwww...lllllllllllllllllllllllllllllllllllllllllllllllllllllllll....lllllllllllllllllllllllllllllllllllllllllllllllllllllllllllllllllllllllllllllllllllllllllllllllllllllllllllllllll
llllllllllllllllllllllllllllllllllllllllllllllllllllllllllllllllllllllllllllllllllllLLLLwwwwWWWWWWllLLLsLlLlssLlssLLlsssLLssssssssLsssssssssssssss...........ssssssssWWWWWssllllllllllllllllllllllllllllllllllllllllllllllllllllllllll...olllllllllllllllllllllllllllllllllllllllllllllllllllllllllllllllllllllllllllllllllllllllllllllllllllllllllllllllll
llllllllllllllllllllllllllllllllllllllllllllllllllllllllllllllllllllllllllllllllllllllllw#w#llllllllllllllllllllllllllllllllllllllllllllllllsss.................llllllllllllllllllllllllllllllllllllllllllllllllllllllllllllllllllllll...llllllllllllllllllllllllllllllllllllllllllllllllllllllllllllllllllllllllllllllllllllllllllllllllllllllllllllllllll
llllllllllllllllllllllllllllllllllllllllllllllllllllllllllllllllllllllllllllllllllllllll####llllllllllllllllllllllllllllllllllllllllllllllls......................lllllllllllllllllllllllllllllllllllllllllllllllllllllllllllllllllll....llllllllllllllllllllllllllllllllllllllllllllllllllllllllllllllllllllllllllllllllllllllllllllllllllllllllllllllllll
llllllllllllllllllllllllllllllllllllllllllllllllllllllllllllllllllllllllllllllllllllllll####lllllllllllllllllllllllllllllllllllllllllllllls........................llllllllllllllllllllllllllllllllllllllllllllllllllllllllllllllllllo...llllllllllllllllllllllllllllllllllllllllllllllllllllllllllllllllllllllllllllllllllllllllllllllllllllllllllllllllll
llllllllllllllllllllllllllllllllllllllllllllllllllllllllllllllllllllllllllllllllllllllll....llllllllllllllllllllllllllllllllllllllllllllls.............................lllllllllllllllllllllllllllllllllllllllllllllllllllllllllllllll...llllllllllllllllllllllllllllllllllllllllllllllllllllllllllllllllllllllllllllllllllllllllllllllllllllllllllllllllll
llllllllllllllllllllllllllllllllllllllllllllllllllllllllllllllllllllllllllllllllllllllll....lllllllllllllllllllllllllllllllllllllllllllls...............................lllllllllllllllllllllllllllllllllllllllllllllllllllllllllllll....llllllllllllllllllllllllllllllllllllllllllllllllllllllllllllllllllllllllllllllllllllllllllllllllllllllllllllllllll
llllllllllllllllllllllllllllllllllllllllllllllllllllllllllllllllllllllllllllllllllllllll....lllllllllllllllllllllllllllllllllllllllllllls................................lllllllllllllllllllllllllllllllldddddlllllllllllllllllllllllo...llllllllllllllllllllllllllllllllllllllllllllllllllllllllllllllllllllllllllllllllllllllllllllllllllllllllllllllllll
llllllllllllllllllllllllllllllllllllllllllllllllllllllllllllllllllllllllllllllllllllllll....llllllllllllllllllllllllllllllllllllllllllls..................................lllllllllXddddddddddddddddXdddd.....ddddddddddddddddddllllll...llllllllllllllllllllllllllllllllllllllllllllllllllllllllllllllllllllllllllllllllllllllllllllllllllllllllllllllllll
llllllllllllllllllllllllllllllllllllllllllllllllllllllllllllllllllllllllllllllllllllllll....llllllllllllllllllllllllllllllllllllllllllls....................................lllllll}................X......C....................dddlll....lllllllllllllllllllllllllllllllllllllllllllllllllllllllllllllllllllllllllllllllllllllllllllllllllllllllllllllllll
llllllllllllllllllllllllllllllllllllllllllllllllllllllllllllllllllllllllllllllllllllllll....llllllllllllllllllllllllllllllllllllllllllls......................................lllll}................X.....ooo......................ddd...olllllllllllllllllllllllllllllllllllllllllllllllllllllllllllllllllllllllllllllllllllllllllllllllllllllllllllllllll
llllllllllllllllllllllllllllllllllllllllllllllllllllllllllllllllllllllllllllllllllllllll....llllllllllllllllllllllllllllllllllllllllllls.......................................llll}.............................+t..........j...........llllllllllllllllllllllllllllllllllllllllllllllllllllllllllllllllllllllllllllllllllllllllllllllllllllllllllllllllll
llllllllllllllllllllllllllllllllllllllllllllllllllllllllllllllllllllllllllllllllllllllll....llllllllllllllllllllllllllllllllllllllllllls.......................................llll}..j......C...X....C..........oo....................V.llllllllllllllllllllllllllllllllllllllllllllllllllllllllllllllllllllllllllllllllllllllllllllllllllllllllllllllllll
llllllllllllllllllllllllllllllllllllllllllllllllllllllllllllllllllllllllllllllllllllllll....llllllllllllllllllllllllllllllllllllllllllls........................................lll}oooo.....oo..X....oo...........................xxxooollllllllllllllllllllllllllllllllllllllllllllllllllllllllllllllllllllllllllllllllllllllllllllllllllllllllllllllllll
llllllllllllllllllllllllllllllllllllllllllllllllllllllllllllllllllllllllllllllllllllllll....llllllllllllllllllllllllllllllllllllllllllls........................................lll}......XxxxxxxXxxxxxxxxxxxxxxxxxxxxxxxx..oo..xxxllllllllllllllllllllllllllllllllllllllllllllllllllllllllllllllllllllllllllllllllllllllllllllllllllllllllllllllllllllllll
llllllllllllllllllllllllllllllllllllllllllllllllllllllllllllllllllllllllllllllllllllllll....llllllllllllllllllllllllllllllllllllllllllls........................................lll}......{sssssssssssssssssssssssssssssssxxxxxxlllllllllllllllllllllllllllllllllllllllllllllllllllllllllllllllllllllllllllllllllllllllllllllllllllllllllllllllllllllllllll
llllllllllllllllllllllllllllllllllllllllllllllllllllllllllllllllllllllllllllllllllllllll....llllllllllllllllllllllllllllllllllllllllllls........................................lll}......{llllllllllllllllllllllllllllllllllllllllllllllllllllllllllllllllllllllllllllllllllllllllllllllllllllllllllllllllllllllllllllllllllllllllllllllllllllllllllllllll
llllllllllllllllllllllllllllllllllllllllllllllllllllllllllllllllllllllllllllllllllllllll....llllllllllllllllllllllllllllllllllllllllllls........................................lll}..++..{llllllllllllllllllllllllllllllllllllllllllllllllllllllllllllllllllllllllllllllllllllllllllllllllllllllllllllllllllllllllllllllllllllllllllllllllllllllllllllllll
llllllllllllllllllllllllllllllllllllllllllllllllllllllllllllllllllllllllllllllllllllllll....llllllllllllllllllllllllllllllllllllllllllls.........................................ll}..oo..{llllllllllllllllllllllllllllllllllllllllllllllllllllllllllllllllllllllllllllllllllllllllllllllllllllllllllllllllllllllllllllllllllllllllllllllllllllllllllllllll
llllllllllllllllllllllllllllllllllllllllllllllllllllllllllllllllllllllllllllllllllllllll....llllllllllllllllllllllllllllllllllllllllllls.........................................ll}......{llllllllllllllllllllllllllllllllllllllllllllllllllllllllllllllllllllllllllllllllllllllllllllllllllllllllllllllllllllllllllllllllllllllllllllllllllllllllllllllll
llllllllllllllllllllllllllllllllllllllllllllllllllllllllllllllllllllllllllllllllllllllll....llllllllllllllllllllllllllllllllllllllllllls..................................................{llllllllllllllllllllllllllllllllllllllllllllllllllllllllllllllllllllllllllllllllllllllllllllllllllllllllllllllllllllllllllllllllllllllllllllllllllllllllllllllll
llllllllllllllllllllllllllllllllllllllllllllllllllllllllllllllllllllllllllllllllllllllll....llllllllllllllllllllllllllllllllllllllllllls.............X.X..................................{llllllllllllllllllllllllllllllllllllllllllllllllllllllllllllllllllllllllllllllllllllllllllllllllllllllllllllllllllllllllllllllllllllllllllllllllllllllllllllllll
llllllllllllllllllllllllllllllllllllllllllllllllllllllllllllllllllllllllllllllllllllllll....lllllllllllllllllllllllllllllllllllllllllllsX.................................................{llllllllllllllllllllllllllllllllllllllllllllllllllllllllllllllllllllllllllllllllllllllllllllllllllllllllllllllllllllllllllllllllllllllllllllllllllllllllllllllll
llllllllllllllllllllllllllllllllllllllllllllllllllllllllllllllllllllllllllllllllllllllll....llllllllllllllllllllllllllllllllllllllllllls.X.......X...XXX..............................oo..{llllllllllllllllllllllllllllllllllllllllllllllllllllllllllllllllllllllllllllllllllllllllllllllllllllllllllllllllllllllllllllllllllllllllllllllllllllllllllllllll
llllllllllllllllllllllllllllllllllllllllllllllllllllllllllllllllllllllllllllllllllllllll....llllllllllllllllllllllllllllllllllllllllllls.X......XX..X...X.................................{llllllllllllllllllllllllllllllllllllllllllllllllllllllllllllllllllllllllllllllllllllllllllllllllllllllllllllllllllllllllllllllllllllllllllllllllllllllllllllllll
llllllllllllllllllllllllllllllllllllllllllllllllllllllllllllllllllllllllllllllllllllllll....llllllllllllllllllllll..............llllllls.Xo.....XXo.............X..................xxxxxxxXllllllllllllllllllllllllllllllllllllllllllllllllllllllllllllllllllllllllllllllllllllllllllllllllllllllllllllllllllllllllllllllllllllllllllllllllllllllllllllllll
llllllllllllllllllllllllllllllllllllllllllllllllllllllllllllllllllllllllllllllllllllllll....lllllllllllllllllllll................lllllls..X....XX.X.............XX.......oo........ssssssssllllllllllllllllllllllllllllllllllllllllllllllllllllllllllllllllllllllllllllllllllllllllllllllllllllllllllllllllllllllllllllllllllllllllllllllllllllllllllllllll
llllllllssssssssssssssssssssssssssssssssssssssssssssssssssssssssssssssssssssssssssssssss....ssssssssslllllllllll..........xx.....lllllls..XX...X..X............XXX.................llllllllllllllllllllllllllllllllllllllllllllllllllllllllllllllllllllllllllllllllllllllllllllllllllllllllllllllllllllllllllllllllllllllllllllllllllllllllllllllllllllllll
llllllllssssssssssssssssssssssssssssssssssssssssssssssssssssssssssssssssssssssssssssssss....ssssssssslllllllllll..........ss.....lllllls...X...X...X..XX.++....X.X.................llllllllllllllllllllllllllllllllllllllllllllllllllllllllllllllllllllllllllllllllllllllllllllllllllllllllllllllllllllllllllllllllllllllllllllllllllllllllllllllllllllllll
ssssssssss.............|..............|..|......|...|.|.....|....|...|.............................sssssssssssss..........ll.....lllllls....X.X....X.XXX.++...XX..X................llllllllllllllllllllllllllllllllllllllllllllllllllllllllllllllllllllllllllllllllllllllllllllllllllllllllllllllllllllllllllllllllllllllllllllllllllllllllllllllllllllllll
ssssssssss.............|..............|..|......|...|.|.....|....|...|..........................C..sssssssssssss......xxxxllX....lllllls....X.X....XXX.X.++..XX...XX..++...x.......llllllllllllllllllllllllllllllllllllllllllllllllllllllllllllllllllllllllllllllllllllllllllllllllllllllllllllllllllllllllllllllllllllllllllllllllllllllllllllllllllllllll
s......................|.................|......|...|.......|....|...|..........xxssssssxxxxsssss..ss..|...|..........ssssllXX..+lllllls....XXX.....X...Xoo..XX..XXXX.oo...oo......llllllllllllllllllllllllllllllllllllllllllllllllllllllllllllllllllllllllllllllllllllllllllllllllllllllllllllllllllllllllllllllllllllllllllllllllllllllllllllllllllllllll
s......................|.................|..........|............|...|.........Xsssssssssssssssss..ss..|...|..V...;;;;llllllXXX.+lllllls.....X................XXXX.................llllllllllllllllllllllllllllllllllllllllllllllllllllllllllllllllllllllllllllllllllllllllllllllllllllllllllllllllllllllllllllllllllllllllllllllllllllllllllllllllllllllll
s......................s............++++.|..........|............|............{sssdddddd|..|.......ss..sxxxsssssssssssslllllXX..+lllllls.......................XX..................llllllllllllllllllllllllllllllllllllllllllllllllllllllllllllllllllllllllllllllllllllllllllllllllllllllllllllllllllllllllllllllllllllllllllllllllllllllllllllllllllllllll
s................................................................++++.........{sss......|..|..+++..ss..sdddsssssssssssllllllX...+lllllls.......................X.........j.........llllllllllllllllllllllllllllllllllllllllllllllllllllllllllllllllllllllllllllllllllllllllllllllllllllllllllllllllllllllllllllllllllllllllllllllllllllllllllllllllllllllll
s:1:::::::....................................................................ssss......|..|.......ss..|...|..ssllllllllllll.....lllllls..................j....XX........x.........llllllllllllllllllllllllllllllllllllllllllllllllllllllllllllllllllllllllllllllllllllllllllllllllllllllllllllllllllllllllllllllllllllllllllllllllllllllllllllllllllllllll
ssssssssss;;;;.:..;.v;;;;;;.sss:;;;v.;;..;..;;:;;;.v.++++++;;;.:;;..;;;.:..v..ssss.++++.|..|..xxxxxss:.|...|..ssllllllllllll.....lllllls................++......X...oo...oo...oo...llllllllllllllllllllllllllllllllllllllllllllllllllllllllllllllllllllllllllllllllllllllllllllllllllllllllllllllllllllllllllllllllllllllllllllllllllllllllllllllllllllllll
ssssssssssssssssssssssssssssssssssssssssssssssssssssssssssssssssssssssssssssssssss+.ssssssssssssssssssssssss..ssllllllllllll....Xlllllls.........j......oo......j............j.....llllllllllllllllllllllllllllllllllllllllllllllllllllllllllllllllllllllllllllllllllllllllllllllllllllllllllllllllllllllllllllllllllllllllllllllllllllllllllllllllllllllll
lllllllllsssssssssssssssssssslssssssssssssssssssssssssssssssssssssssssssssssssssss.+ssssssssssssssssssssssss..ssllllllllllll+..XXlllll|.........................................x..llllllllllllllllllllllllllllllllllllllllllllllllllllllllllllllllllllllllllllllllllllllllllllllllllllllllllllllllllllllllllllllllllllllllllllllllllllllllllllllllllllllll
llllllllllllllllllllllllllllllllllllllllllllllllllllllllllllllllllllllllllllllllll..|....................b.|..ssllllllllllll+.XXXllll||s.....j.........++....j....+++++++++.x...oo.llllllllllllllllllllllllllllllllllllllllllllllllllllllllllllllllllllllllllllllllllllllllllllllllllllllllllllllllllllllllllllllllllllllllllllllllllllllllllllllllllllllll
llllllllllllllllllllllllllllllllllllllllllllllllllllllllllllllllllllllllllllllllll::|V...................b:|;:ssllllllllllll+..XXlll||ls...............oo.........oo+++oo++.oo.....llllllllllllllllllllllllllllllllllllllllllllllllllllllllllllllllllllllllllllllllllllllllllllllllllllllllllllllllllllllllllllllllllllllllllllllllllllllllllllllllllllllll
lllllllllllllllllllllllllllllllllllllllllllllllllllllllllllllllllllllllllllllllllllllll..................lllllllllllllllllll+...Xll||lls..j..++..++..++.........++++++++.++...x....llllllllllllllllllllllllllllllllllllllllllllllllllllllllllllllllllllllllllllllllllllllllllllllllllllllllllllllllllllllllllllllllllllllllllllllllllllllllllllllllllllllll
lllllllllllllllllllllllllllllllllllllllllllllllllllllllllllllllllllllllllllllllllllllll..................lllllllllllllllllll.....l||llls.....++..++..oo...oo....oo..oo++.oo...ooj..llllllllllllllllllllllllllllllllllllllllllllllllllllllllllllllllllllllllllllllllllllllllllllllllllllllllllllllllllllllllllllllllllllllllllllllllllllllllllllllllllllllll
lllllllllllllllllllllllllllllllllllllllllllllllllllllllllllllllllllllllllllllllllllllll..................lllllllllllllllllll......|lllls.....++..oo...........++......++...x.......llllllllllllllllllllllllllllllllllllllllllllllllllllllllllllllllllllllllllllllllllllllllllllllllllllllllllllllllllllllllllllllllllllllllllllllllllllllllllllllllllllllll
lllllllllllllllllllllllllllllllllllllllllllllllllllllllllllllllllllllllllllllllllllllll;;;;;g.;v;;;.g.v:;lllllllllllllllllll...;;;llllls.xxx.ooxxxxx.xxxxxx.xxooxxxxxxooxxxooxxxxxxllllllllllllllllllllllllllllllllllllllllllllllllllllllllllllllllllllllllllllllllllllllllllllllllllllllllllllllllllllllllllllllllllllllllllllllllllllllllllllllllllllllll
lllllllllllllllllllllllllllllllllllllllllllllllllllllllllllllllllllllllllllllllllllllllllllllllllllllllllllllllllllllllllllssssssssllllssssssssssssssssssssssssssssssssssssssssssssslllllllllllllllllllllllllllllllllllllllllllllllllllllllllllllllllllllllllllllllllllllllllllllllllllllllllllllllllllllllllllllllllllllllllllllllllllllllllllllllllllllll
llllllllllllllllllllllllllllllllllllllllllllllllllllllllllllllllllllllllllllllllllllllllllllllllllllllllllllllllllllllllllllssssssllllllsssssssssssssssssssssssssssssssssssssssssssllllllllllllllllllllllllllllllllllllllllllllllllllllllllllllllllllllllllllllllllllllllllllllllllllllllllllllllllllllllllllllllllllllllllllllllllllllllllllllllllllllllll
>ot l
>d 0 small.map
>d 1 intro.map
>d 3 title.map
>r 78 92 6 14 i1
>r 17 284 7 33 i2
