............................................................................................................................................................................................lllllllllllllllllllllllllllllllllllllllllllllllllllllllllllllllllllllllllllllllllllllllllllllllllllllllllllllllll.lll.lllllllllllllllllllllllllllllllllllllllll
............................................................................................................................................................................................lllllllllllllllllllllllllllllllllllllllllllllllllllllllllllllllllllllllllllllllllllllllllllllllllllllllllllllllllllllllllllllllllllllllllllllllllllllllllllllll
............................................................................................................................................................................................lllllllllllllllllllllllllllllllllllllllllllllllllllllllllllllllllllllllllllllllllllllllllllllllllllllllllllllllllllllllllllllllllllllllllllllllllllllllllllllll
............................................................................................................................................................................................lllllllllllllllllllllllllllllllllllllllllllllllllllllllllllllllllllllllllllllllllllllllllllllllllllllllllllllll......llllllllllllllllllllllllllllllllllllllllll
............................................................................................................................................................................................lllllllllllllllllllllllllllllllllllllllllllllllllllllllllllllllllllllllllllllllllllllllllllllllllllllllllllllllllllll..llllllllllllllllllllllllllllllllllllllll
............................................................................................................................................................................................llllllllllllllllllllllllllllllllllllllllllllllllllllllllllllllllllllllllllllllllllllllllllllllllllllllllllllllllllllll..lllllllllllllllllllllllllllllllllllllll
............................................................................................................................................................................................llllllllllllllllllllllllllllllllllllllllllllllllllllllllllllllllllllllllllllllllllllllll.lllllllllllllllllllllllll......lllllllllllllllllllllllllllllllllllllll
............................................................................................................................................................................................llllllllllllllllllllllllllllllllllllllllllllllllllllllllllllllllllllllllllllllllllllllllllllllxllllllllll..l..lllllllllllllllllllllllllllllllllllllllllllllllll
............................................................................................................................................................................................llllllllllllllllllllllllllllllllllllllllllllllllllllllllllllllllllllllll....lllllllllll.l.....lll......l......l.l.ll.llllllllllllllllllllllllllllllllllllllllll
............................................................................................................................................................................................lllllllllllllllllllllllllllllllllllllllllllllllllllllllllllllllllllllll..lll..llllllll........l......................xxllllllllllllllllllllllllllllllllllllllll
............................................................................................................................................................................................llllllllllllllllllllllllllllllllllllllllllllllllllllllllllllllllllllll..l.lll.llllll........lx..................C...xllllllllllllllllllllllllllllllllllllllllll
............................................................................................................................................................................................lllllllllllllllllllllllllllllllllllllllllllllllllllllllllllllllllllll..lll.ll.lllll..........l....xx...p......l.l..xlllllllllllllllllllllllllllllllllllllllllll
............................................................................................................................................................................................lllllllllllllllllllllllllllllllllllllllllllllllllllllllllllllllllllll.llllll..lllll...ll.x......llll.l.l........l.xllllllllllllllllllllllllllllllllllllllllllll
............................................................................................................................................................................................llllllllllllllllllllllllllllllllllllllllllllllllllllllllllllllllllll..lllll.l.lllll....lllllllllllllllll....lllllllllllllllllllllllllllllllllllllllllllllllllll
............................................................................................................................................................................................llllllllllllllllllllllllllllllllllllllllllllllllllllllllllllllllllll..llllll..lllll.....l.llllllllllllll.....llllllllllllllllllllllllllllllllllllllllllllllllll
............................................................................................................................................................................................lllllllllllllllllllllllllllllllllllllllllllllllllllllllllllllll.......llll...llllx.x.....lllllllssssslsl.....lsssssssssssssssssssssssssssssssssssssssssssssssss
............................................................................................................................................................................................llllllllllllllllllllllllllllllllllllllllllllllllllllllllllllll...lllll.l...lllllll.l.....llllllsssssssls.....ssssssssssssssssssssssssssssssssssssssssssssssssss
............................................................................................................................................................................................llllllllllllllllllllllllllllllllllllllllllllllllllllllllllllllll...lll.ll.llllllllx.....llllllsss..............................bb............................ss
............................................................................................................................................................................................llllllllllllllllllllllllllllllllllllllllllllllllllllllllllllllllll....ll.llllllllll......llllsss...............................bb............................ss
............................................................................................................................................................................................lllllllllllllllllllllllllllllllllllllllllllllllllllllllllllllll.llll..l..lllllll.llll....llllss................................bb.....sssssssssssssssssssss..ss
............................................................................................................................................................................................llllllllllllllllllllllllllllllllllllllllllllllllllllllllllllllllllllll..llllllllllll.......llss................................bb.....sssssssssssssssssssss..ss
............................................................................................................................................................................................llllllllllllllllllllllllllllllllllllllllllllllllllllllllllllll.lllllll..lllllllllll........llss................................bb.....ssllllllsssssssssssss..ss
............................................................................................................................................................................................llllllllllllllllllllllllllllllllllllllllllllllllllllllllllllllllll.ll..llllll..l.ll........llss................................bb.....ssllllllsssssssssssss..ss
............................................................................................................................................................................................llllllllllllllllllllllllllllllllllllllllllllllllllllllllllllllllllll..lllllll..l..........lllss.j.....S...g..S......S....g.....bb.....ssllllllss........sss..ss
............................................................................................................................................................................................lllllllllllllllllllllllllllllllllllllllllllllllllllllllllllllllllllllllll.................lllsssssssssssssssssssssssssssssssssssssssssssllllllss........sss..ss
............................................................................................................................................................................................lllllllllllllllllllllllllllllllllllllllllllllllllllllllllllllllllllllll...................lllsssssssssssssssssssssssssssssssssssssssssssllllllss...sss.......ss
............................................................................................................................................................................................llllllllllllllllllllllllllllllllllllllllllllllllllllllllllllllllllllll..............C.lllxllllllllllllllllllllllllllllllllllllllllllllllllllllss.0.sss.......ss
............................................................................................................................................................................................llllllllllllllllllllllllllllllllllllllllllllllllllllllllllllllllllll................l.llllllllllllllllllllllllllllllllllllllllllllllllllllllllsssssssssssssssss
............................................................................................................................................................................................lllllllllllllllllllllllllllllllllllllllllllllllllllllllllll.lllllll................lllllllllllllllllllllllllllllllllllllllllllllllllllllllllllsssssssssssssssss
............................................................................................................................................................................................llllllllllllllllllllllllllllllllllllllllllllllllllllllllllllll..l...............l.llll.llllllllllllllllllllllllllllllllllllllllllllllllllllllllllllllllllllllll
............................................................................................................................................................................................lllllllllllllllllllllllllllllllllllllllllllllllllllllllllllll..........C..llx.xllxlllllllllllllllllllllllllllllllllllllllllllllllllllllllllllllllllllllllllllll
............................................................................................................................................................................................llllllllllllllllllllllllllllllllllllllllllxxxxxxxxxxxxxxxlll........lxll.lllllll.llllllllllllllllllllllllllllllllllllllllllllllllllllllllllllllllllllllllllllll
............................................................................................................................................................................................llllllllllllllllllllllllllllllllllllllllll.......................lxlllll.lllllll.llllllllllllllllllllllllllllllllllllllllllllllllllllllllllllllllllllllllllllll
............................................................................................................................................................................................llllllllllllllllllllllllllllllllllllllllll.....................xlll.lllll.llllllxllllllllllllllllllllllllllllllllllllllllllllllllllllllllllllllllllllllllllllll
............................................................................................................................................................................................llllllllllllllllllllllllllllllllllllllllll..xooxxxooxxxoollllllllll.lllllllllllllllllllllllllllllllllllllllllllllllllllllllllllllllllllllllllllllllllllllllllll
............................................................................................................................................................................................llllllllllllllllllllllllllllllllllllllllll..xllllllllllllllllllllllllllllllllllllllllllllllllllllllllllllllllllllllllllllllllllllllllllllllllllllllllllllllllll
............................................................................................................................................................................................llllllllllllllllllllllllllllllllllllllllll..xllllllllllllllllllllllllllllllllllllllllllllllllllllllllllllllllllllllllllllllllllllllllllllllllllllllllllllllllll
............................................................................................................................................................................................llllllllllllllllllllllllllllllllllllllllll..xllllllllllllllllllllllllllllllllllllllllllllllllllllllllllllllllllllllllllllllllllllllllllllllllllllllllllllllllll
............................................................................................................................................................................................llllllllllllllllllllllllllllllllllllllllll...llllllllllllllllllllllllllllllllllllllllllllllllllllllllllllllllllllllllllllllllllllllllllllllllllllllllllllllllll
............................................................................................................................................................................................llllllllllllllllllllllllllllllllllllllllll....lllllllllllllllllllllllllllllllllllllllllllllllllllllllllllllllllllllllllllllllllllllllllllllllllllllllllllllllll
llllllllllllllllllllllllllllllllllllllllllllllllllllllllllllllllllllllllllllllllllllllllllllllllllllllllllllllllllllllllllllllllllllllllllllllllll............llllllllllllllllllllllllllllllllllllllllllllllllllllllllllllllllllllllll...olllllllllllllllllllllllllllllllllllllllllllllllllllllllllllllllllllllllllllllllllllllllllllllllllllllllllllllllll
lllllllllllllllllllllllllllllllllllllllllllllllllllllllllllllllllllllllllllllllllllllllllllllllllllllllllllllllllllllllllllllllllllllllllllllll.................llllllllllllllllllllllllllllllllllllllllllllllllllllllllllllllllllllll...llllllllllllllllllllllllllllllllllllllllllllllllllllllllllllllllllllllllllllllllllllllllllllllllllllllllllllllllll
llllllllllllllllllllllllllllllllllllllllllllllllllllllllllllllllllllllllllllllllllllllllllllllllllllllllllllllllllllllllllllllllllllllllllll......................lllllllllllllllllllllllllllllllllllllllllllllllllllllllllllllllllll....llllllllllllllllllllllllllllllllllllllllllllllllllllllllllllllllllllllllllllllllllllllllllllllllllllllllllllllllll
lllllllllllllllllllllllllllllllllllllllllllllllllllllllllllllllllllllllllllllllllllllllllllllllllllllllllllllllllllllllllllllllllllllllllll........................llllllllllllllllllllllllllllllllllllllllllllllllllllllllllllllllllo...llllllllllllllllllllllllllllllllllllllllllllllllllllllllllllllllllllllllllllllllllllllllllllllllllllllllllllllllll
llllllllllllllllllllllllllllllllllllllllllllllllllllllllllllllllllllllllllllllllllllllllllllllllllllllllllllllllllllllllllllllllllllllllll.............................lllllllllllllllllllllllllllllllllllllllllllllllllllllllllllllll...llllllllllllllllllllllllllllllllllllllllllllllllllllllllllllllllllllllllllllllllllllllllllllllllllllllllllllllllll
lllllllllllllllllllllllllllllllllllllllllllllllllllllllllllllllllllllllllllllllllllllllllllllllllllllllllllllllllllllllllllllllllllllllll...............................lllllllllllllllllllllllllllllllllllllllllllllllllllllllllllll....llllllllllllllllllllllllllllllllllllllllllllllllllllllllllllllllllllllllllllllllllllllllllllllllllllllllllllllllll
lllllllllllllllllllllllllllllllllllllllllllllllllllllllllllllllllllllllllllllllllllllllllllllllllllllllllllllllllllllllllllllllllllllllll................................llllllllllllllllllllllllllllllllxxxxxlllllllllllllllllllllllo...llllllllllllllllllllllllllllllllllllllllllllllllllllllllllllllllllllllllllllllllllllllllllllllllllllllllllllllllll
llllllllllllllllllllllllllllllllllllllllllllllllllllllllllllllllllllllllllllllllllllllllllllllllllllllllllllllllllllllllllllllllllllllll..................................lllllllllxxxxxxxxxxxxxxxxxxxxxx.....xxxxxxxxxxxxxxxxxxllllll...llllllllllllllllllllllllllllllllllllllllllllllllllllllllllllllllllllllllllllllllllllllllllllllllllllllllllllllllll
llllllllllllllllllllllllllllllllllllllllllllllllllllllllllllllllllllllllllllllllllllllllllllllllllllllllllllllllllllllllllllllllllllllll....................................lllllllx................x......C....................xxxlll....lllllllllllllllllllllllllllllllllllllllllllllllllllllllllllllllllllllllllllllllllllllllllllllllllllllllllllllllll
llllllllllllllllllllllllllllllllllllllllllllllllllllllllllllllllllllllllllllllllllllllllllllllllllllllllllllllllllllllllllllllllllllllll......................................lllllx................x.....ooo......................xxx...olllllllllllllllllllllllllllllllllllllllllllllllllllllllllllllllllllllllllllllllllllllllllllllllllllllllllllllllll
llllllllllllllllllllllllllllllllllllllllllllllllllllllllllllllllllllllllllllllllllllllllllllllllllllllllllllllllllllllllllllllllllllllll.......................................llllx..............................t..........j...........llllllllllllllllllllllllllllllllllllllllllllllllllllllllllllllllllllllllllllllllllllllllllllllllllllllllllllllllll
llllllllllllllllllllllllllllllllllllllllllllllllllllllllllllllllllllllllllllllllllllllllllllllllllllllllllllllllllllllllllllllllllllllls.......................................llllx..j......C...x....C..........oo....................V.llllllllllllllllllllllllllllllllllllllllllllllllllllllllllllllllllllllllllllllllllllllllllllllllllllllllllllllllll
llllllllllllllllllllllllllllllllllllllllllllllllllllllllllllllllllllllllllllllllllllllllllllllllllllllllllllllllllllllllllllllllllllllls........................................lllxoooo.....oo..x....oo...........................xxxooollllllllllllllllllllllllllllllllllllllllllllllllllllllllllllllllllllllllllllllllllllllllllllllllllllllllllllllllll
llllllllllllllllllllllllllllllllllllllllllllllllllllllllllllllllllllllllllllllllllllllllllllllllllllllllllllllllllllllllllllllllllllllls........................................lllx......xxxxxxxxxxxxxxxxxxxxxxxxxxxxxxxx..oo..xxxllllllllllllllllllllllllllllllllllllllllllllllllllllllllllllllllllllllllllllllllllllllllllllllllllllllllllllllllllllllll
llllllllllllllllllllllllllllllllllllllllllllllllllllllllllllllllllllllllllllllllllllllllllllllllllllllllllllllllllllllllllllllllllllllls........................................lllx......xsssssssssssssssssssssssssssssssxxxxxxlllllllllllllllllllllllllllllllllllllllllllllllllllllllllllllllllllllllllllllllllllllllllllllllllllllllllllllllllllllllllll
llllllllllllllllllllllllllllllllllllllllllllllllllllllllllllllllllllllllllllllllllllllllllllllllllllllllllllllllllllllllllllllllllllllls........................................lllx......xllllllllllllllllllllllllllllllllllllllllllllllllllllllllllllllllllllllllllllllllllllllllllllllllllllllllllllllllllllllllllllllllllllllllllllllllllllllllllllllll
llllllllllllllllllllllllllllllllllllllllllllllllllllllllllllllllllllllllllllllllllllllllllllllllllllllllllllllllllllllllllllllllllllllls........................................lllx......xllllllllllllllllllllllllllllllllllllllllllllllllllllllllllllllllllllllllllllllllllllllllllllllllllllllllllllllllllllllllllllllllllllllllllllllllllllllllllllllll
llllllllllllllllllllllllllllllllllllllllllllllllllllllllllllllllllllllllllllllllllllllllllllllllllllllllllllllllllllllllllllllllllllllls.........................................llx..oo..xllllllllllllllllllllllllllllllllllllllllllllllllllllllllllllllllllllllllllllllllllllllllllllllllllllllllllllllllllllllllllllllllllllllllllllllllllllllllllllllll
llllllllllllllllllllllllllllllllllllllllllllllllllllllllllllllllllllllllllllllllllllllllllllllllllllllllllllllllllllllllllllllllllllllls.........................................llx......xllllllllllllllllllllllllllllllllllllllllllllllllllllllllllllllllllllllllllllllllllllllllllllllllllllllllllllllllllllllllllllllllllllllllllllllllllllllllllllllll
llllllllllllllllllllllllllllllllllllllllllllllllllllllllllllllllllllllllllllllllllllllllllllllllllllllllllllllllllllllllllllllllllllllls..................................................xllllllllllllllllllllllllllllllllllllllllllllllllllllllllllllllllllllllllllllllllllllllllllllllllllllllllllllllllllllllllllllllllllllllllllllllllllllllllllllllll
llllllllllllllllllllllllllllllllllllllllllllllllllllllllllllllllllllllllllllllllllllllllllllllllllllllllllllllllllllllllllllllllllllllls.............x.x..................................xllllllllllllllllllllllllllllllllllllllllllllllllllllllllllllllllllllllllllllllllllllllllllllllllllllllllllllllllllllllllllllllllllllllllllllllllllllllllllllllll
lllllllllllllllllllllllllllllllllllllllllllllllllllllllllllllllllllllllllllllllllllllllllllllllllllllllllllllllllllllllllllllllllllllllsx.................................................xllllllllllllllllllllllllllllllllllllllllllllllllllllllllllllllllllllllllllllllllllllllllllllllllllllllllllllllllllllllllllllllllllllllllllllllllllllllllllllllll
llllllllllllllllllllllllllllllllllllllllllllllllllllllllllllllllllllllllllllllllllllllllllllllllllllllllllllllllllllllllllllllllllllllls.x.......x...xxx..............................oo..xllllllllllllllllllllllllllllllllllllllllllllllllllllllllllllllllllllllllllllllllllllllllllllllllllllllllllllllllllllllllllllllllllllllllllllllllllllllllllllllll
llllllllllllllllllllllllllllllllllllllllllllllllllllllllllllllllllllllllllllllllllllllllllllllllllllllllllllllllllllllllllllllllllllllls.x......xx..x...x.................................xllllllllllllllllllllllllllllllllllllllllllllllllllllllllllllllllllllllllllllllllllllllllllllllllllllllllllllllllllllllllllllllllllllllllllllllllllllllllllllllll
llllllllllllllllllllllllllllllllllllllllllllllllllllllllllllllllllllllllllllllllllllllllllllllllllllllllllllllllll..............llllllls.xo.....xxo.............x..................xxxxxxxxllllllllllllllllllllllllllllllllllllllllllllllllllllllllllllllllllllllllllllllllllllllllllllllllllllllllllllllllllllllllllllllllllllllllllllllllllllllllllllllll
lllllllllllllllllllllllllllllllllllllllllllllllllllllllllllllllllllllllllllllllllllllllllllllllllllllllllllllllll................lllllls..x....xx.x.............xx.......oo........ssssssssllllllllllllllllllllllllllllllllllllllllllllllllllllllllllllllllllllllllllllllllllllllllllllllllllllllllllllllllllllllllllllllllllllllllllllllllllllllllllllllll
llllllllssssssssssssssssssssssssssssssssssssssssssssssssssssssssssssssssssssssssssssssssssssssssssssslllllllllll..........xx.....lllllls..xx...x..x............xxx.................llllllllllllllllllllllllllllllllllllllllllllllllllllllllllllllllllllllllllllllllllllllllllllllllllllllllllllllllllllllllllllllllllllllllllllllllllllllllllllllllllllllll
llllllllssssssssssssssssssssssssssssssssssssssssssssssssssssssssssssssssssssssssssssssssssssssssssssslllllllllll..........ss.....lllllls...x...x...x..xx.......x.x.................llllllllllllllllllllllllllllllllllllllllllllllllllllllllllllllllllllllllllllllllllllllllllllllllllllllllllllllllllllllllllllllllllllllllllllllllllllllllllllllllllllllll
ssssssssss.............|..............|..|......|...|.|.....|....|...|.............................sssssssssssss..........ll.....lllllls....x.x....x.xxx......xx..x................llllllllllllllllllllllllllllllllllllllllllllllllllllllllllllllllllllllllllllllllllllllllllllllllllllllllllllllllllllllllllllllllllllllllllllllllllllllllllllllllllllllll
ssssssssss.............|..............|..|......|...|.|.....|....|...|..........................C..sssssssssssss......xxxxllx....lllllls....x.x....xxx.x.....xx...xx.......x.......llllllllllllllllllllllllllllllllllllllllllllllllllllllllllllllllllllllllllllllllllllllllllllllllllllllllllllllllllllllllllllllllllllllllllllllllllllllllllllllllllllllll
s......................|.................|......|...|.......|....|...|........xxxxssssssxxxxsssss..ss..|...|..........ssssllxx...lllllls....xxx.....x...xoo..xx..xxxx.oo...oo......llllllllllllllllllllllllllllllllllllllllllllllllllllllllllllllllllllllllllllllllllllllllllllllllllllllllllllllllllllllllllllllllllllllllllllllllllllllllllllllllllllllll
s......................|.................|..........|............|...|........sssssssssssssssssss..ss..|...|..V.......llllllxxx..lllllls.....x................xxxx.................llllllllllllllllllllllllllllllllllllllllllllllllllllllllllllllllllllllllllllllllllllllllllllllllllllllllllllllllllllllllllllllllllllllllllllllllllllllllllllllllllllllll
s......................s.................|..........|............|............ssssxxxxxx|..|.......ss..sssssssssssssssslllllxx...lllllls.......................xx..................llllllllllllllllllllllllllllllllllllllllllllllllllllllllllllllllllllllllllllllllllllllllllllllllllllllllllllllllllllllllllllllllllllllllllllllllllllllllllllllllllllllll
s.............................................................................ssss......|..|.......ss..sssssssssssssssllllllx....lllllls.......................x.........j.........llllllllllllllllllllllllllllllllllllllllllllllllllllllllllllllllllllllllllllllllllllllllllllllllllllllllllllllllllllllllllllllllllllllllllllllllllllllllllllllllllllllll
s.1...........................................................................ssss......|..|.......ss..|...|..ssllllllllllll.....lllllls..................j....xx........x.........llllllllllllllllllllllllllllllllllllllllllllllllllllllllllllllllllllllllllllllllllllllllllllllllllllllllllllllllllllllllllllllllllllllllllllllllllllllllllllllllllllllll
ssssssssss;;;;....;.v;;;;;;.sss;;;;v.;;..;..;;.;;;.v...;;;;;;;..;;..;;;....v..ssss......|..|..xxxxxss..|...|..ssllllllllllll.....lllllls........................x...oo...oo...oo...llllllllllllllllllllllllllllllllllllllllllllllllllllllllllllllllllllllllllllllllllllllllllllllllllllllllllllllllllllllllllllllllllllllllllllllllllllllllllllllllllllllll
ssssssssssssssssssssssssssssssssssssssssssssssssssssssssssssssssssssssssssssssssss..ssssssssssssssssssssssss..ssllllllllllll....xlllllls.........j......oo......j............j.....llllllllllllllllllllllllllllllllllllllllllllllllllllllllllllllllllllllllllllllllllllllllllllllllllllllllllllllllllllllllllllllllllllllllllllllllllllllllllllllllllllllll
lllllllllsssssssssssssssssssslssssssssssssssssssssssssssssssssssssssssssssssssssss..ssssssssssssssssssssssss..ssllllllllllll...xxlllll..........................................x..llllllllllllllllllllllllllllllllllllllllllllllllllllllllllllllllllllllllllllllllllllllllllllllllllllllllllllllllllllllllllllllllllllllllllllllllllllllllllllllllllllllll
llllllllllllllllllllllllllllllllllllllllllllllllllllllllllllllllllllllllllllllllll.......................b....ssllllllllllll..xxxllll..s.....j...............j..............x...oo.llllllllllllllllllllllllllllllllllllllllllllllllllllllllllllllllllllllllllllllllllllllllllllllllllllllllllllllllllllllllllllllllllllllllllllllllllllllllllllllllllllllll
llllllllllllllllllllllllllllllllllllllllllllllllllllllllllllllllllllllllllllllllll...V...................b....ssllllllllllll...xxlll..ls...............oo.........oo...oo...oo.....llllllllllllllllllllllllllllllllllllllllllllllllllllllllllllllllllllllllllllllllllllllllllllllllllllllllllllllllllllllllllllllllllllllllllllllllllllllllllllllllllllllll
lllllllllllllllllllllllllllllllllllllllllllllllllllllllllllllllllllllllllllllllllllllll..................lllllllllllllllllll....xll..lls..j...................................x....llllllllllllllllllllllllllllllllllllllllllllllllllllllllllllllllllllllllllllllllllllllllllllllllllllllllllllllllllllllllllllllllllllllllllllllllllllllllllllllllllllllll
lllllllllllllllllllllllllllllllllllllllllllllllllllllllllllllllllllllllllllllllllllllll..................lllllllllllllllllll.....l..llls.............oo...oo....oo..oo...oo...ooj..llllllllllllllllllllllllllllllllllllllllllllllllllllllllllllllllllllllllllllllllllllllllllllllllllllllllllllllllllllllllllllllllllllllllllllllllllllllllllllllllllllllll
lllllllllllllllllllllllllllllllllllllllllllllllllllllllllllllllllllllllllllllllllllllll..................lllllllllllllllllll.......lllls.........oo........................x.......llllllllllllllllllllllllllllllllllllllllllllllllllllllllllllllllllllllllllllllllllllllllllllllllllllllllllllllllllllllllllllllllllllllllllllllllllllllllllllllllllllllll
lllllllllllllllllllllllllllllllllllllllllllllllllllllllllllllllllllllllllllllllllllllll.....g..v....g.v..lllllllllllllllllll......llllls.xxx.ooxxxxx.xxxxxx.xxooxxxxxxooxxxooxxxxxxllllllllllllllllllllllllllllllllllllllllllllllllllllllllllllllllllllllllllllllllllllllllllllllllllllllllllllllllllllllllllllllllllllllllllllllllllllllllllllllllllllllll
lllllllllllllllllllllllllllllllllllllllllllllllllllllllllllllllllllllllllllllllllllllllllllllllllllllllllllllllllllllllllllssssssssllllssssssssssssssssssssssssssssssssssssssssssssslllllllllllllllllllllllllllllllllllllllllllllllllllllllllllllllllllllllllllllllllllllllllllllllllllllllllllllllllllllllllllllllllllllllllllllllllllllllllllllllllllllll
llllllllllllllllllllllllllllllllllllllllllllllllllllllllllllllllllllllllllllllllllllllllllllllllllllllllllllllllllllllllllllssssssllllllsssssssssssssssssssssssssssssssssssssssssssllllllllllllllllllllllllllllllllllllllllllllllllllllllllllllllllllllllllllllllllllllllllllllllllllllllllllllllllllllllllllllllllllllllllllllllllllllllllllllllllllllllll
>ot l
>d 0 small.map
>d 1 intro.map
>r 84 0 1 8 i0
