..................................................
..................................................
..................................................
..................................................
..................................................
..................................................
..................................................
..................................................
..................................................
..................................................
..................................................
..................................................
..................................................
..................................................
..................................................
..................................................
..................................................
..................................................
..................................................
..................................................
..................................................
..................................................
..................................................
..................................................
..................................................
..................................................
..................................................
..................................................
..................................................
..................................................
..................................................
..................................................
..............d...................................
............ddd.............s.....................
.............dd.....................s.............
..............d...................................
...............d...............s..................
...............dd...s.............................
................d.dd.......d......................
...................ddd.......d....................
..................d.d..d.d.d.dd...................
...............s......d............j..............
...............s....d.dd..........................
..............s........d.........j.........j......
............ss....................................
...........ss.....................................
..................................................
........s.........................................
........s...............g.....g......g............
...p...ts.........................................
>ot s
