51x19
sssssssssssssssssssssssssssssssssssssssssssssssssss
sssssssssssssssssssssssssssssssssssssssssssssssssss
ss...............................................ss
ss.oooo.ooo.o.o.ooo...o.o....ooo.ooo.............ss
ss.o....o.o.o.o.o.o...o.o....o.o.o...............ss
ss.oooo.o.o.ooo.ooo.ooo.o....o.o.ooo.............ss
ss....o.ooo.....o...o.o.o....o.o.o.o.............ss
ss.oooo......p..o...ooo.o....o.o.o.o.............ss
ss......................o....ooo.ooo.............ss
ss...............................................ss
ss...............................................ss
ss...............................................ss
ss...............................................ss
ss...............................................ss
ss............................................3..ss
ss..........................................sssssss
ss.........................................ssssssss
sssssssssssssssssssssssssssssssssssssssssssssssssss
sssssssssssssssssssssssssssssssssssssssssssssssssss
.d 3 intro.map
.ot l
