51x19
sssssssssssssssssssssssssssssssssssssssssssssssssss
sssssssssssssssssssssssssssssssssssssssssssssssssss
ss...V..........V.................V....|..|...|..ss
ss.oooo.oTo.o.o.ooo...o.o....ooo.ooo...|..|...|..ss
ss.o....o.o.o.o.o.o.V.o.o....ojo.o.....|..|...|..ss
ss.oooo.o.o.ooo.ooo.ooo.o....o.o.ooo...|..|...|..ss
ss...2o.ooo.....o...o.o.o....o.o.o.o...|..s...|..ss
ss.oooo......p..o...ooo.o....o.o.o.o.t.|......|..ss
ss......................oo...ooo.ooo.t.|......|..ss
ss..j..............................ttt.|......s..ss
ss................................ttttt|.........ss
ss...........++.......++.......+++.tttt|.........ss
ssj...j.....++++.....++++.....++.++.ttts..+......ss
ss........++...+....++..++...++...++.tt..++......ss
ss......+++....++..++....+..++.....++....+....3..ss
ss..............++++......+++.......++++++..sssssss
ss.................g..g..g......f..f.......ssssssss
sssssssssssssssssssssssssssssssssssssssssssssssssss
sssssssssssssssssssssssssssssssssssssssssssssssssss
.ot l
.d 2 cool.map
.d 3 intro.map
