sssssssssssssssssssssssssssssssssssssssssssssssssss
sssssssssssssssssssssssssssssssssssssssssssssssssss
ss.....................................|..|...|..ss
ss.oooo.ooo.o.o.ooo...o.o...{ooo.ooo}..|..|...|..ss
ss.o....o.o.o.o.o.o...o.o...{o.o.o.....|..|...|..ss
ss.oooo.o.o.ooo.ooo.ooo.o...{o.o.ooo}..|..|...|..ss
ss...2o.ooo.....o...o.o.o...{o.o.o.o}..|..s...|..ss
ss.oooo.........o...ooo.o...{o.o.o.o}..|......|..ss
ss......................oo..{ooo.ooo}..|......|..ss
ss.....................................|......s..ss
ss.....................................|.........ss
ss.....................................|.........ss
ss.....................................s.........ss
ss...............................................ss
ss............................................3..ss
ss..........................................sssssss
ss....p....................................ssssssss
sssssssssssssssssssssssssssssssssssssssssssssssssss
sssssssssssssssssssssssssssssssssssssssssssssssssss
>ot l
>d 2 cool.map
>d 3 intro.map
